Component: ARM Compiler 5.06 update 4 (build 422) Tool: armlink [4d35d2]

==============================================================================

Section Cross References

    system_stm32f4xx.o(i.SystemCoreClockUpdate) refers to system_stm32f4xx.o(.data) for .data
    system_stm32f4xx.o(i.SystemInit) refers to system_stm32f4xx.o(i.SetSysClock) for SetSysClock
    startup_stm32f40_41xxx.o(STACK) refers (Special) to heapauxi.o(.text) for __use_two_region_memory
    startup_stm32f40_41xxx.o(HEAP) refers (Special) to heapauxi.o(.text) for __use_two_region_memory
    startup_stm32f40_41xxx.o(RESET) refers (Special) to heapauxi.o(.text) for __use_two_region_memory
    startup_stm32f40_41xxx.o(RESET) refers to startup_stm32f40_41xxx.o(STACK) for __initial_sp
    startup_stm32f40_41xxx.o(RESET) refers to startup_stm32f40_41xxx.o(.text) for Reset_Handler
    startup_stm32f40_41xxx.o(RESET) refers to mainuart.o(i.USART3_IRQHandler) for USART3_IRQHandler
    startup_stm32f40_41xxx.o(RESET) refers to loguart.o(i.UART5_IRQHandler) for UART5_IRQHandler
    startup_stm32f40_41xxx.o(.text) refers (Special) to heapauxi.o(.text) for __use_two_region_memory
    startup_stm32f40_41xxx.o(.text) refers to system_stm32f4xx.o(i.SystemInit) for SystemInit
    startup_stm32f40_41xxx.o(.text) refers to __main.o(!!!main) for __main
    startup_stm32f40_41xxx.o(.text) refers to startup_stm32f40_41xxx.o(HEAP) for Heap_Mem
    startup_stm32f40_41xxx.o(.text) refers to startup_stm32f40_41xxx.o(STACK) for Stack_Mem
    main.o(i.main) refers to cxa_guard_acquire.o(i.__cxa_guard_acquire) for __cxa_guard_acquire
    main.o(i.main) refers to mainuart.o(i._ZN8MainUartC1Ev) for MainUart::MainUart()
    main.o(i.main) refers to otamanager.o(i._ZN10OTAManagerC1Ev) for OTAManager::OTAManager()
    main.o(i.main) refers to otamanager.o(i._ZN10OTAManager6updateEv) for OTAManager::update()
    main.o(i.main) refers to main.o(.data__ZZN8MainUart8instanceEvE4uart) for guard variable for MainUart::instance()::uart
    main.o(i.main) refers to main.o(.data__ZZN10OTAManager8instanceEvE1m) for guard variable for OTAManager::instance()::m
    main.o(.ARM.exidx) refers to main.o(i.main) for i.main
    main.o(.ARM.exidx) refers to main.o(i._Z12vTimer10Initv) for i._Z12vTimer10Initv
    main.o(.ARM.exidx) refers to main.o(i._Z8vDelayUst) for i._Z8vDelayUst
    flashmemory.o(i._ZN11FlashMemory10vWriteDataEjPKhj) refers to flashmemory.o(i._ZN11FlashMemory12vPageProgramEjPKhj) for FlashMemory::vPageProgram(unsigned, const unsigned char*, unsigned)
    flashmemory.o(i._ZN11FlashMemory12vPageProgramEjPKhj) refers to flashmemory.o(i._ZN11FlashMemory12vWriteEnableEv) for FlashMemory::vWriteEnable()
    flashmemory.o(i._ZN11FlashMemory12vPageProgramEjPKhj) refers to flashmemory.o(i._ZN11FlashMemory14xTranslateByteEh) for FlashMemory::xTranslateByte(unsigned char)
    flashmemory.o(i._ZN11FlashMemory12vPageProgramEjPKhj) refers to flashmemory.o(i._ZN11FlashMemory12xQueryStatusEv) for FlashMemory::xQueryStatus()
    flashmemory.o(i._ZN11FlashMemory12vSectorEarseEj) refers to flashmemory.o(i._ZN11FlashMemory12vWriteEnableEv) for FlashMemory::vWriteEnable()
    flashmemory.o(i._ZN11FlashMemory12vSectorEarseEj) refers to flashmemory.o(i._ZN11FlashMemory14xTranslateByteEh) for FlashMemory::xTranslateByte(unsigned char)
    flashmemory.o(i._ZN11FlashMemory12vSectorEarseEj) refers to flashmemory.o(i._ZN11FlashMemory12xQueryStatusEv) for FlashMemory::xQueryStatus()
    flashmemory.o(i._ZN11FlashMemory12vWriteEnableEv) refers to flashmemory.o(i._ZN11FlashMemory14xTranslateByteEh) for FlashMemory::xTranslateByte(unsigned char)
    flashmemory.o(i._ZN11FlashMemory12xQueryStatusEv) refers to flashmemory.o(i._ZN11FlashMemory14xTranslateByteEh) for FlashMemory::xTranslateByte(unsigned char)
    flashmemory.o(i._ZN11FlashMemory14xWriteAndCheckEjPKvj) refers to flashmemory.o(i._ZN11FlashMemory12vSectorEarseEj) for FlashMemory::vSectorEarse(unsigned)
    flashmemory.o(i._ZN11FlashMemory14xWriteAndCheckEjPKvj) refers to flashmemory.o(i._ZN11FlashMemory10vWriteDataEjPKhj) for FlashMemory::vWriteData(unsigned, const unsigned char*, unsigned)
    flashmemory.o(i._ZN11FlashMemory14xWriteAndCheckEjPKvj) refers to flashmemory.o(i._ZN11FlashMemory9vReadDataEjPhj) for FlashMemory::vReadData(unsigned, unsigned char*, unsigned)
    flashmemory.o(i._ZN11FlashMemory6xGetIdEv) refers to flashmemory.o(i._ZN11FlashMemory14xTranslateByteEh) for FlashMemory::xTranslateByte(unsigned char)
    flashmemory.o(i._ZN11FlashMemory9vReadDataEjPhj) refers to flashmemory.o(i._ZN11FlashMemory14xTranslateByteEh) for FlashMemory::xTranslateByte(unsigned char)
    flashmemory.o(i._ZN11FlashMemoryC1Ev) refers to flashmemory.o(i._ZN11FlashMemory16initSpiInterfaceEv) for FlashMemory::initSpiInterface()
    flashmemory.o(.ARM.exidx) refers to flashmemory.o(i._ZN11FlashMemory14xTranslateByteEh) for i._ZN11FlashMemory14xTranslateByteEh
[...]
    _printf_c.o(.ARM.Collect$$_printf_percent$$00000013) refers (Weak) to _printf_char.o(.text) for _printf_char
    _printf_s.o(.ARM.Collect$$_printf_percent$$00000014) refers (Weak) to _printf_char.o(.text) for _printf_string
    _printf_n.o(.ARM.Collect$$_printf_percent$$00000001) refers (Weak) to _printf_charcount.o(.text) for _printf_charcount
    _printf_x.o(.ARM.Collect$$_printf_percent$$0000000C) refers (Weak) to _printf_hex_int_ll_ptr.o(.text) for _printf_int_hex
    _printf_p.o(.ARM.Collect$$_printf_percent$$00000002) refers (Weak) to _printf_hex_int_ll_ptr.o(.text) for _printf_hex_ptr
    _printf_o.o(.ARM.Collect$$_printf_percent$$0000000B) refers (Weak) to _printf_oct_int_ll.o(.text) for _printf_int_oct
    _printf_i.o(.ARM.Collect$$_printf_percent$$00000008) refers (Weak) to _printf_dec.o(.text) for _printf_int_dec
    _printf_d.o(.ARM.Collect$$_printf_percent$$00000009) refers (Weak) to _printf_dec.o(.text) for _printf_int_dec
    _printf_u.o(.ARM.Collect$$_printf_percent$$0000000A) refers (Weak) to _printf_dec.o(.text) for _printf_int_dec
    _printf_f.o(.ARM.Collect$$_printf_percent$$00000003) refers (Weak) to printf1.o(x$fpl$printf1) for _printf_fp_dec
    _printf_e.o(.ARM.Collect$$_printf_percent$$00000004) refers (Weak) to printf1.o(x$fpl$printf1) for _printf_fp_dec
    _printf_g.o(.ARM.Collect$$_printf_percent$$00000005) refers (Weak) to printf1.o(x$fpl$printf1) for _printf_fp_dec
    _printf_percent.o(.ARM.Collect$$_printf_percent$$00000000) refers (Special) to _printf_percent_end.o(.ARM.Collect$$_printf_percent$$00000017) for _printf_percent_end
    _printf_lli.o(.ARM.Collect$$_printf_percent$$0000000D) refers (Special) to _printf_ll.o(.ARM.Collect$$_printf_percent$$00000007) for _printf_ll
    _printf_lli.o(.ARM.Collect$$_printf_percent$$0000000D) refers (Weak) to _printf_longlong_dec.o(.text) for _printf_longlong_dec
    _printf_lld.o(.ARM.Collect$$_printf_percent$$0000000E) refers (Special) to _printf_ll.o(.ARM.Collect$$_printf_percent$$00000007) for _printf_ll
    _printf_lld.o(.ARM.Collect$$_printf_percent$$0000000E) refers (Weak) to _printf_longlong_dec.o(.text) for _printf_longlong_dec
    _printf_llu.o(.ARM.Collect$$_printf_percent$$0000000F) refers (Special) to _printf_ll.o(.ARM.Collect$$_printf_percent$$00000007) for _printf_ll
    _printf_llu.o(.ARM.Collect$$_printf_percent$$0000000F) refers (Weak) to _printf_longlong_dec.o(.text) for _printf_longlong_dec
    _printf_lc.o(.ARM.Collect$$_printf_percent$$00000015) refers (Special) to _printf_l.o(.ARM.Collect$$_printf_percent$$00000012) for _printf_l
    _printf_lc.o(.ARM.Collect$$_printf_percent$$00000015) refers (Weak) to _printf_wchar.o(.text) for _printf_wchar
    _printf_ls.o(.ARM.Collect$$_printf_percent$$00000016) refers (Special) to _printf_l.o(.ARM.Collect$$_printf_percent$$00000012) for _printf_l
    _printf_ls.o(.ARM.Collect$$_printf_percent$$00000016) refers (Weak) to _printf_wchar.o(.text) for _printf_wstring
    _printf_llo.o(.ARM.Collect$$_printf_percent$$00000010) refers (Special) to _printf_ll.o(.ARM.Collect$$_printf_percent$$00000007) for _printf_ll
    _printf_llo.o(.ARM.Collect$$_printf_percent$$00000010) refers (Weak) to _printf_oct_int_ll.o(.text) for _printf_ll_oct
    _printf_llx.o(.ARM.Collect$$_printf_percent$$00000011) refers (Special) to _printf_ll.o(.ARM.Collect$$_printf_percent$$00000007) for _printf_ll
    _printf_llx.o(.ARM.Collect$$_printf_percent$$00000011) refers (Weak) to _printf_hex_int_ll_ptr.o(.text) for _printf_ll_hex
    printf1.o(x$fpl$printf1) refers to _printf_fp_dec.o(.text) for _printf_fp_dec_real
    __rtentry2.o(.ARM.Collect$$rtentry$$00000008) refers to boardinit2.o(.text) for _platform_post_stackheap_init
    __rtentry2.o(.ARM.Collect$$rtentry$$0000000A) refers to libinit.o(.ARM.Collect$$libinit$$00000000) for __rt_lib_init
    __rtentry2.o(.ARM.Collect$$rtentry$$0000000B) refers to boardinit3.o(.text) for _platform_post_lib_init
    __rtentry2.o(.ARM.Collect$$rtentry$$0000000D) refers to main.o(i.main) for main
    __rtentry2.o(.ARM.Collect$$rtentry$$0000000D) refers to exit.o(.text) for exit
    __rtentry2.o(.ARM.exidx) refers to __rtentry2.o(.ARM.Collect$$rtentry$$00000001) for .ARM.Collect$$rtentry$$00000001
    __rtentry2.o(.ARM.exidx) refers to __rtentry2.o(.ARM.Collect$$rtentry$$00000008) for .ARM.Collect$$rtentry$$00000008
    __rtentry2.o(.ARM.exidx) refers to __rtentry2.o(.ARM.Collect$$rtentry$$0000000A) for .ARM.Collect$$rtentry$$0000000A
    __rtentry2.o(.ARM.exidx) refers to __rtentry2.o(.ARM.Collect$$rtentry$$0000000B) for .ARM.Collect$$rtentry$$0000000B
    __rtentry2.o(.ARM.exidx) refers to __rtentry2.o(.ARM.Collect$$rtentry$$0000000D) for .ARM.Collect$$rtentry$$0000000D
    __rtentry4.o(.ARM.Collect$$rtentry$$00000004) refers to sys_stackheap_outer.o(.text) for __user_setup_stackheap
    __rtentry4.o(.ARM.exidx) refers to __rtentry4.o(.ARM.Collect$$rtentry$$00000004) for .ARM.Collect$$rtentry$$00000004
    _printf_intcommon.o(.text) refers (Weak) to _printf_pad.o(.text) for _printf_pre_padding
    _printf_intcommon.o(.text) refers (Weak) to _printf_pad.o(.text) for _printf_pre_padding
    _printf_intcommon.o(.text) refers (Weak) to _printf_pad.o(.text) for _printf_post_padding
    _printf_fp_dec.o(.text) refers (Special) to usenofp.o(x$fpl$usenofp) for __I$use$fp
    _printf_fp_dec.o(.text) refers (Special) to lc_numeric_c.o(locale$$code) for _get_lc_numeric
    _printf_fp_dec.o(.text) refers to bigflt0.o(.text) for _btod_etento
    _printf_fp_dec.o(.text) refers to btod.o(CL$$btod_d2e) for _btod_d2e
    _printf_fp_dec.o(.text) refers to btod.o(CL$$btod_ediv) for _btod_ediv
    _printf_fp_dec.o(.text) refers to btod.o(CL$$btod_emul) for _btod_emul
    _printf_fp_dec.o(.text) refers to lludiv10.o(.text) for _ll_udiv10
    _printf_fp_dec.o(.text) refers to fpclassify.o(i.__ARM_fpclassify) for __ARM_fpclassify
    _printf_fp_dec.o(.text) refers to _printf_fp_infnan.o(.text) for _printf_fp_infnan
    _printf_fp_dec.o(.text) refers (Weak) to _printf_pad.o(.text) for _printf_pre_padding
    _printf_fp_dec.o(.text) refers (Weak) to _printf_pad.o(.text) for _printf_pre_padding
    _printf_fp_dec.o(.text) refers to rt_locale_intlibspace.o(.text) for __rt_locale
    _printf_fp_dec.o(.text) refers (Weak) to _printf_pad.o(.text) for _printf_post_padding
    _printf_char.o(.text) refers (Weak) to _printf_str.o(.text) for _printf_str
    _printf_wchar.o(.text) refers (Weak) to _printf_wctomb.o(.text) for _printf_wctomb
    _wcrtomb.o(.text) refers to rt_ctype_table.o(.text) for __rt_ctype_table
    sys_stackheap_outer.o(.text) refers to libspace.o(.text) for __user_perproc_libspace
    sys_stackheap_outer.o(.text) refers to startup_stm32f40_41xxx.o(.text) for __user_initial_stackheap
    rt_ctype_table.o(.text) refers to rt_locale_intlibspace.o(.text) for __rt_locale
    rt_ctype_table.o(.text) refers to lc_ctype_c.o(locale$$code) for _get_lc_ctype
    rt_locale.o(.text) refers to rt_locale.o(.bss) for __rt_locale_data
    rt_locale_intlibspace.o(.text) refers to libspace.o(.bss) for __libspace_start
    _printf_fp_infnan.o(.text) refers (Weak) to _printf_pad.o(.text) for _printf_pre_padding
    _printf_fp_infnan.o(.text) refers (Weak) to _printf_pad.o(.text) for _printf_post_padding
    bigflt0.o(.text) refers (Special) to usenofp.o(x$fpl$usenofp) for __I$use$fp
    bigflt0.o(.text) refers to btod.o(CL$$btod_emul) for _btod_emul
    bigflt0.o(.text) refers to btod.o(CL$$btod_ediv) for _btod_ediv
    bigflt0.o(.text) refers to bigflt0.o(.constdata) for .constdata
    bigflt0.o(.constdata) refers (Special) to usenofp.o(x$fpl$usenofp) for __I$use$fp
    btod.o(CL$$btod_d2e) refers (Special) to usenofp.o(x$fpl$usenofp) for __I$use$fp
    btod.o(CL$$btod_d2e) refers to btod.o(CL$$btod_d2e_norm_op1) for _d2e_norm_op1
    btod.o(CL$$btod_d2e_norm_op1) refers (Special) to usenofp.o(x$fpl$usenofp) for __I$use$fp
    btod.o(CL$$btod_d2e_norm_op1) refers to btod.o(CL$$btod_d2e_denorm_low) for _d2e_denorm_low
    btod.o(CL$$btod_d2e_denorm_low) refers (Special) to usenofp.o(x$fpl$usenofp) for __I$use$fp
    btod.o(CL$$btod_emul) refers (Special) to usenofp.o(x$fpl$usenofp) for __I$use$fp
    btod.o(CL$$btod_emul) refers to btod.o(CL$$btod_mult_common) for __btod_mult_common
    btod.o(CL$$btod_emul) refers to btod.o(CL$$btod_e2e) for _e2e
    btod.o(CL$$btod_ediv) refers (Special) to usenofp.o(x$fpl$usenofp) for __I$use$fp
    btod.o(CL$$btod_ediv) refers to btod.o(CL$$btod_div_common) for __btod_div_common
    btod.o(CL$$btod_ediv) refers to btod.o(CL$$btod_e2e) for _e2e
    btod.o(CL$$btod_emuld) refers (Special) to usenofp.o(x$fpl$usenofp) for __I$use$fp
    btod.o(CL$$btod_emuld) refers to btod.o(CL$$btod_mult_common) for __btod_mult_common
    btod.o(CL$$btod_emuld) refers to btod.o(CL$$btod_e2d) for _e2d
    btod.o(CL$$btod_edivd) refers (Special) to usenofp.o(x$fpl$usenofp) for __I$use$fp
    btod.o(CL$$btod_edivd) refers to btod.o(CL$$btod_div_common) for __btod_div_common
    btod.o(CL$$btod_edivd) refers to btod.o(CL$$btod_e2d) for _e2d
    btod.o(CL$$btod_e2e) refers (Special) to usenofp.o(x$fpl$usenofp) for __I$use$fp
    btod.o(CL$$btod_e2d) refers (Special) to usenofp.o(x$fpl$usenofp) for __I$use$fp
    btod.o(CL$$btod_e2d) refers to btod.o(CL$$btod_e2e) for _e2e
    btod.o(CL$$btod_mult_common) refers (Special) to usenofp.o(x$fpl$usenofp) for __I$use$fp
    btod.o(CL$$btod_div_common) refers (Special) to usenofp.o(x$fpl$usenofp) for __I$use$fp
    lc_numeric_c.o(locale$$data) refers (Special) to libinit2.o(.ARM.Collect$$libinit$$00000016) for __rt_lib_init_lc_numeric_2
    lc_numeric_c.o(locale$$code) refers (Special) to libinit2.o(.ARM.Collect$$libinit$$00000016) for __rt_lib_init_lc_numeric_2
    lc_numeric_c.o(locale$$code) refers to strcmpv7m.o(.text) for strcmp
    lc_numeric_c.o(locale$$code) refers to lc_numeric_c.o(locale$$data) for __lcnum_c_name
    exit.o(.text) refers to rtexit.o(.ARM.Collect$$rtexit$$00000000) for __rt_exit
    libinit.o(.ARM.Collect$$libinit$$00000000) refers (Special) to libinit2.o(.ARM.Collect$$libinit$$0000002E) for __rt_lib_init_alloca_1
    libinit.o(.ARM.Collect$$libinit$$00000000) refers (Special) to libinit2.o(.ARM.Collect$$libinit$$0000002C) for __rt_lib_init_argv_1
    libinit.o(.ARM.Collect$$libinit$$00000000) refers (Special) to libinit2.o(.ARM.Collect$$libinit$$0000001B) for __rt_lib_init_atexit_1
    libinit.o(.ARM.Collect$$libinit$$00000000) refers (Special) to libinit2.o(.ARM.Collect$$libinit$$00000021) for __rt_lib_init_clock_1
    libinit.o(.ARM.Collect$$libinit$$00000000) refers (Special) to libinit2.o(.ARM.Collect$$libinit$$00000032) for __rt_lib_init_cpp_1
    libinit.o(.ARM.Collect$$libinit$$00000000) refers (Special) to libinit2.o(.ARM.Collect$$libinit$$00000030) for __rt_lib_init_exceptions_1
    libinit.o(.ARM.Collect$$libinit$$00000000) refers (Special) to libinit2.o(.ARM.Collect$$libinit$$00000001) for __rt_lib_init_fp_1
    libinit.o(.ARM.Collect$$libinit$$00000000) refers (Special) to libinit2.o(.ARM.Collect$$libinit$$0000001F) for __rt_lib_init_fp_trap_1
    libinit.o(.ARM.Collect$$libinit$$00000000) refers (Special) to libinit2.o(.ARM.Collect$$libinit$$00000023) for __rt_lib_init_getenv_1
    libinit.o(.ARM.Collect$$libinit$$00000000) refers (Special) to libinit2.o(.ARM.Collect$$libinit$$0000000A) for __rt_lib_init_heap_1
    libinit.o(.ARM.Collect$$libinit$$00000000) refers (Special) to libinit2.o(.ARM.Collect$$libinit$$00000011) for __rt_lib_init_lc_collate_1
    libinit.o(.ARM.Collect$$libinit$$00000000) refers (Special) to libinit2.o(.ARM.Collect$$libinit$$00000013) for __rt_lib_init_lc_ctype_1
    libinit.o(.ARM.Collect$$libinit$$00000000) refers (Special) to libinit2.o(.ARM.Collect$$libinit$$00000015) for __rt_lib_init_lc_monetary_1
    libinit.o(.ARM.Collect$$libinit$$00000000) refers (Special) to libinit2.o(.ARM.Collect$$libinit$$00000017) for __rt_lib_init_lc_numeric_1
    libinit.o(.ARM.Collect$$libinit$$00000000) refers (Special) to libinit2.o(.ARM.Collect$$libinit$$00000019) for __rt_lib_init_lc_time_1
    libinit.o(.ARM.Collect$$libinit$$00000000) refers (Special) to libinit2.o(.ARM.Collect$$libinit$$00000004) for __rt_lib_init_preinit_1
    libinit.o(.ARM.Collect$$libinit$$00000000) refers (Special) to libinit2.o(.ARM.Collect$$libinit$$0000000E) for __rt_lib_init_rand_1
    libinit.o(.ARM.Collect$$libinit$$00000000) refers (Special) to libinit2.o(.ARM.Collect$$libinit$$00000033) for __rt_lib_init_return
    libinit.o(.ARM.Collect$$libinit$$00000000) refers (Special) to libinit2.o(.ARM.Collect$$libinit$$0000001D) for __rt_lib_init_signal_1
    libinit.o(.ARM.Collect$$libinit$$00000000) refers (Special) to libinit2.o(.ARM.Collect$$libinit$$00000025) for __rt_lib_init_stdio_1
    libinit.o(.ARM.Collect$$libinit$$00000000) refers (Special) to libinit2.o(.ARM.Collect$$libinit$$0000000C) for __rt_lib_init_user_alloc_1
    istatus.o(x$fpl$ieeestatus) refers (Special) to usenofp.o(x$fpl$usenofp) for __I$use$fp
    fpclassify.o(i.__ARM_fpclassify) refers (Special) to usenofp.o(x$fpl$usenofp) for __I$use$fp
    libspace.o(.text) refers to libspace.o(.bss) for __libspace_start
    rtexit.o(.ARM.Collect$$rtexit$$00000000) refers (Special) to rtexit2.o(.ARM.Collect$$rtexit$$00000004) for __rt_exit_exit
    rtexit.o(.ARM.Collect$$rtexit$$00000000) refers (Special) to rtexit2.o(.ARM.Collect$$rtexit$$00000003) for __rt_exit_ls
    rtexit.o(.ARM.Collect$$rtexit$$00000000) refers (Special) to rtexit2.o(.ARM.Collect$$rtexit$$00000002) for __rt_exit_prels_1
    rtexit.o(.ARM.exidx) refers (Special) to rtexit2.o(.ARM.Collect$$rtexit$$00000004) for __rt_exit_exit
    rtexit.o(.ARM.exidx) refers (Special) to rtexit2.o(.ARM.Collect$$rtexit$$00000003) for __rt_exit_ls
    rtexit.o(.ARM.exidx) refers (Special) to rtexit2.o(.ARM.Collect$$rtexit$$00000002) for __rt_exit_prels_1
    rtexit.o(.ARM.exidx) refers to rtexit.o(.ARM.Collect$$rtexit$$00000000) for .ARM.Collect$$rtexit$$00000000
    lc_ctype_c.o(locale$$data) refers (Special) to libinit2.o(.ARM.Collect$$libinit$$00000012) for __rt_lib_init_lc_ctype_2
    lc_ctype_c.o(locale$$code) refers (Special) to libinit2.o(.ARM.Collect$$libinit$$00000012) for __rt_lib_init_lc_ctype_2
    lc_ctype_c.o(locale$$code) refers to strcmpv7m.o(.text) for strcmp
    lc_ctype_c.o(locale$$code) refers to lc_ctype_c.o(locale$$data) for __lcctype_c_name
    libinit2.o(.ARM.Collect$$libinit$$00000001) refers to fpinit.o(x$fpl$fpinit) for _fp_init
    libinit2.o(.ARM.Collect$$libinit$$0000000F) refers (Weak) to rt_locale_intlibspace.o(.text) for __rt_locale
    libinit2.o(.ARM.Collect$$libinit$$00000010) refers to libinit2.o(.ARM.Collect$$libinit$$0000000F) for .ARM.Collect$$libinit$$0000000F
    libinit2.o(.ARM.Collect$$libinit$$00000012) refers to libinit2.o(.ARM.Collect$$libinit$$0000000F) for .ARM.Collect$$libinit$$0000000F
    libinit2.o(.ARM.Collect$$libinit$$00000012) refers (Weak) to lc_ctype_c.o(locale$$code) for _get_lc_ctype
    libinit2.o(.ARM.Collect$$libinit$$00000014) refers to libinit2.o(.ARM.Collect$$libinit$$0000000F) for .ARM.Collect$$libinit$$0000000F
    libinit2.o(.ARM.Collect$$libinit$$00000016) refers to libinit2.o(.ARM.Collect$$libinit$$0000000F) for .ARM.Collect$$libinit$$0000000F
    libinit2.o(.ARM.Collect$$libinit$$00000016) refers (Weak) to lc_numeric_c.o(locale$$code) for _get_lc_numeric
    libinit2.o(.ARM.Collect$$libinit$$00000018) refers to libinit2.o(.ARM.Collect$$libinit$$0000000F) for .ARM.Collect$$libinit$$0000000F
    libinit2.o(.ARM.Collect$$libinit$$00000026) refers to argv_veneer.o(.emb_text) for __ARM_argv_veneer
    libinit2.o(.ARM.Collect$$libinit$$00000027) refers to argv_veneer.o(.emb_text) for __ARM_argv_veneer
    rtexit2.o(.ARM.Collect$$rtexit$$00000003) refers to libshutdown.o(.ARM.Collect$$libshutdown$$00000000) for __rt_lib_shutdown
    rtexit2.o(.ARM.Collect$$rtexit$$00000004) refers to sys_exit.o(.text) for _sys_exit
    rtexit2.o(.ARM.exidx) refers to rtexit2.o(.ARM.Collect$$rtexit$$00000001) for .ARM.Collect$$rtexit$$00000001
    rtexit2.o(.ARM.exidx) refers to rtexit2.o(.ARM.Collect$$rtexit$$00000003) for .ARM.Collect$$rtexit$$00000003
    rtexit2.o(.ARM.exidx) refers to rtexit2.o(.ARM.Collect$$rtexit$$00000004) for .ARM.Collect$$rtexit$$00000004
    argv_veneer.o(.emb_text) refers to no_argv.o(.text) for __ARM_get_argv
    sys_exit.o(.text) refers (Special) to use_no_semi.o(.text) for __I$use$semihosting
    sys_exit.o(.text) refers (Special) to indicate_semi.o(.text) for __semihosting_library_function
    _get_argv_nomalloc.o(.text) refers (Special) to hrguard.o(.text) for __heap_region$guard
    _get_argv_nomalloc.o(.text) refers to defsig_rtmem_outer.o(.text) for __rt_SIGRTMEM
    _get_argv_nomalloc.o(.text) refers to sys_command.o(.text) for _sys_command_string
    libshutdown.o(.ARM.Collect$$libshutdown$$00000000) refers (Special) to libshutdown2.o(.ARM.Collect$$libshutdown$$00000002) for __rt_lib_shutdown_cpp_1
    libshutdown.o(.ARM.Collect$$libshutdown$$00000000) refers (Special) to libshutdown2.o(.ARM.Collect$$libshutdown$$00000007) for __rt_lib_shutdown_fp_trap_1
    libshutdown.o(.ARM.Collect$$libshutdown$$00000000) refers (Special) to libshutdown2.o(.ARM.Collect$$libshutdown$$0000000F) for __rt_lib_shutdown_heap_1
    libshutdown.o(.ARM.Collect$$libshutdown$$00000000) refers (Special) to libshutdown2.o(.ARM.Collect$$libshutdown$$00000010) for __rt_lib_shutdown_return
    libshutdown.o(.ARM.Collect$$libshutdown$$00000000) refers (Special) to libshutdown2.o(.ARM.Collect$$libshutdown$$0000000A) for __rt_lib_shutdown_signal_1
    libshutdown.o(.ARM.Collect$$libshutdown$$00000000) refers (Special) to libshutdown2.o(.ARM.Collect$$libshutdown$$00000004) for __rt_lib_shutdown_stdio_1
    libshutdown.o(.ARM.Collect$$libshutdown$$00000000) refers (Special) to libshutdown2.o(.ARM.Collect$$libshutdown$$0000000C) for __rt_lib_shutdown_user_alloc_1
    sys_command.o(.text) refers (Special) to use_no_semi.o(.text) for __I$use$semihosting
    sys_command.o(.text) refers (Special) to indicate_semi.o(.text) for __semihosting_library_function
    defsig_rtmem_outer.o(.text) refers to defsig_rtmem_inner.o(.text) for __rt_SIGRTMEM_inner
    defsig_rtmem_outer.o(.text) refers to defsig_exit.o(.text) for __sig_exit
    defsig_rtmem_formal.o(.text) refers to rt_raise.o(.text) for __rt_raise
    rt_raise.o(.text) refers to __raise.o(.text) for __raise
    rt_raise.o(.text) refers to sys_exit.o(.text) for _sys_exit
    defsig_exit.o(.text) refers to sys_exit.o(.text) for _sys_exit
    defsig_rtmem_inner.o(.text) refers to defsig_general.o(.text) for __default_signal_display
    __raise.o(.text) refers to defsig.o(CL$$defsig) for __default_signal_handler
    defsig_general.o(.text) refers to sys_wrch.o(.text) for _ttywrch
    sys_wrch.o(.text) refers (Special) to use_no_semi.o(.text) for __I$use$semihosting
    sys_wrch.o(.text) refers (Special) to indicate_semi.o(.text) for __semihosting_library_function
    defsig.o(CL$$defsig) refers to defsig_rtmem_inner.o(.text) for __rt_SIGRTMEM_inner
    defsig_abrt_inner.o(.text) refers to defsig_general.o(.text) for __default_signal_display
    defsig_fpe_inner.o(.text) refers to defsig_general.o(.text) for __default_signal_display
    defsig_rtred_inner.o(.text) refers to defsig_general.o(.text) for __default_signal_display
    defsig_stak_inner.o(.text) refers to defsig_general.o(.text) for __default_signal_display
    defsig_pvfn_inner.o(.text) refers to defsig_general.o(.text) for __default_signal_display
    defsig_cppl_inner.o(.text) refers to defsig_general.o(.text) for __default_signal_display
    defsig_segv_inner.o(.text) refers to defsig_general.o(.text) for __default_signal_display
    defsig_other.o(.text) refers to defsig_general.o(.text) for __default_signal_display
    loguart.o(i._ZN7LogUart8instanceEv) refers to cxa_guard_acquire.o(i.__cxa_guard_acquire) for __cxa_guard_acquire
    loguart.o(i._ZN7LogUart8instanceEv) refers to loguart.o(i._ZN7LogUartC1Ev) for LogUart::LogUart()
    loguart.o(i._ZN7LogUart8instanceEv) refers to loguart.o(.data__ZZN7LogUart8instanceEvE4uart) for guard variable for LogUart::instance()::uart
    loguart.o(i._ZN7LogUart8instanceEv) refers to loguart.o(.bss__ZZN7LogUart8instanceEvE4uart) for LogUart::instance()::uart
    loguart.o(.ARM.exidx) refers to loguart.o(i._ZN7LogUart8instanceEv) for i._ZN7LogUart8instanceEv
    otamanager.o(i._ZN13InteriorFlash8instanceEv) refers to cxa_guard_acquire.o(i.__cxa_guard_acquire) for __cxa_guard_acquire
    otamanager.o(i._ZN13InteriorFlash8instanceEv) refers to interiorflash.o(i._ZN13InteriorFlashC1Ev) for InteriorFlash::InteriorFlash()
    otamanager.o(i._ZN13InteriorFlash8instanceEv) refers to otamanager.o(.data__ZZN13InteriorFlash8instanceEvE1f) for guard variable for InteriorFlash::instance()::f
    otamanager.o(.ARM.exidx) refers to otamanager.o(i._ZN13InteriorFlash8instanceEv) for i._ZN13InteriorFlash8instanceEv
    otamanager.o(i._ZN11FlashMemory8instanceEv) refers to cxa_guard_acquire.o(i.__cxa_guard_acquire) for __cxa_guard_acquire
    otamanager.o(i._ZN11FlashMemory8instanceEv) refers to flashmemory.o(i._ZN11FlashMemoryC1Ev) for FlashMemory::FlashMemory()
    otamanager.o(i._ZN11FlashMemory8instanceEv) refers to otamanager.o(.data__ZZN11FlashMemory8instanceEvE1m) for guard variable for FlashMemory::instance()::m
    otamanager.o(i._ZN11FlashMemory8instanceEv) refers to otamanager.o(.bss__ZZN11FlashMemory8instanceEvE1m) for FlashMemory::instance()::m
    otamanager.o(.ARM.exidx) refers to otamanager.o(i._ZN11FlashMemory8instanceEv) for i._ZN11FlashMemory8instanceEv


==============================================================================

Removing Unused input sections from the image.

    Removing system_stm32f4xx.o(.rev16_text), (4 bytes).
    Removing system_stm32f4xx.o(.revsh_text), (4 bytes).
    Removing system_stm32f4xx.o(.rrx_text), (6 bytes).
    Removing system_stm32f4xx.o(i.SystemCoreClockUpdate), (120 bytes).
    Removing system_stm32f4xx.o(.data), (20 bytes).
    Removing main.o(.rev16_text), (4 bytes).
    Removing main.o(.revsh_text), (4 bytes).
    Removing main.o(.rrx_text), (6 bytes).
    Removing main.o(i._Z12vTimer10Initv), (56 bytes).
    Removing main.o(.ARM.exidx), (8 bytes).
    Removing main.o(.ARM.exidx), (8 bytes).
    Removing main.o(.ARM.exidx), (8 bytes).
    Removing flashmemory.o(.rev16_text), (4 bytes).
    Removing flashmemory.o(.revsh_text), (4 bytes).
    Removing flashmemory.o(.rrx_text), (6 bytes).
    Removing flashmemory.o(i._ZN11FlashMemory10vWriteDataEjPKhj), (110 bytes).
    Removing flashmemory.o(i._ZN11FlashMemory12vPageProgramEjPKhj), (88 bytes).
    Removing flashmemory.o(i._ZN11FlashMemory14xWriteAndCheckEjPKvj), (70 bytes).
    Removing flashmemory.o(i._ZN11FlashMemory6xGetIdEv), (80 bytes).
    Removing flashmemory.o(.ARM.exidx), (8 bytes).
    Removing flashmemory.o(.ARM.exidx), (8 bytes).
    Removing flashmemory.o(.ARM.exidx), (8 bytes).
    Removing flashmemory.o(.ARM.exidx), (8 bytes).
    Removing flashmemory.o(.ARM.exidx), (8 bytes).
    Removing flashmemory.o(.ARM.exidx), (8 bytes).
    Removing flashmemory.o(.ARM.exidx), (8 bytes).
    Removing flashmemory.o(.ARM.exidx), (8 bytes).
    Removing flashmemory.o(.ARM.exidx), (8 bytes).
    Removing flashmemory.o(.ARM.exidx), (8 bytes).
    Removing flashmemory.o(.ARM.exidx), (8 bytes).
    Removing interiorflash.o(.rev16_text), (4 bytes).
    Removing interiorflash.o(.revsh_text), (4 bytes).
    Removing interiorflash.o(.rrx_text), (6 bytes).
    Removing interiorflash.o(.ARM.exidx), (8 bytes).
    Removing interiorflash.o(.ARM.exidx), (8 bytes).
    Removing interiorflash.o(.ARM.exidx), (8 bytes).
    Removing interiorflash.o(.ARM.exidx), (8 bytes).
    Removing interiorflash.o(.ARM.exidx), (8 bytes).
    Removing interiorflash.o(.ARM.exidx), (8 bytes).
    Removing loguart.o(.rev16_text), (4 bytes).
    Removing loguart.o(.revsh_text), (4 bytes).
    Removing loguart.o(.rrx_text), (6 bytes).
    Removing loguart.o(i._ZN7LogUart5writeEPKcz), (36 bytes).
    Removing loguart.o(i._ZN7LogUart5writeEPKhj), (26 bytes).
    Removing loguart.o(i._ZN7LogUart5writeEh), (16 bytes).
    Removing loguart.o(.ARM.exidx), (8 bytes).
    Removing loguart.o(.ARM.exidx), (8 bytes).
    Removing loguart.o(.ARM.exidx), (8 bytes).
    Removing loguart.o(.ARM.exidx), (8 bytes).
    Removing loguart.o(.ARM.exidx), (8 bytes).
    Removing mainuart.o(.rev16_text), (4 bytes).
    Removing mainuart.o(.revsh_text), (4 bytes).
    Removing mainuart.o(.rrx_text), (6 bytes).
    Removing mainuart.o(i._ZN8MainUart5writeEPKcz), (36 bytes).
    Removing mainuart.o(.ARM.exidx), (8 bytes).
    Removing mainuart.o(.ARM.exidx), (8 bytes).
    Removing mainuart.o(.ARM.exidx), (8 bytes).
    Removing mainuart.o(.ARM.exidx), (8 bytes).
    Removing mainuart.o(.ARM.exidx), (8 bytes).
    Removing otamanager.o(.rev16_text), (4 bytes).
    Removing otamanager.o(.revsh_text), (4 bytes).
    Removing otamanager.o(.rrx_text), (6 bytes).
    Removing otamanager.o(.ARM.exidx), (8 bytes).
    Removing otamanager.o(.ARM.exidx), (8 bytes).
    Removing otamanager.o(.ARM.exidx), (8 bytes).
    Removing loguart.o(.ARM.exidx), (8 bytes).
    Removing otamanager.o(.ARM.exidx), (8 bytes).
    Removing otamanager.o(.ARM.exidx), (8 bytes).

68 unused section(s) (total 1044 bytes) removed from the image.

==============================================================================

Image Symbol Table

    Local Symbols

    Symbol Name                              Value     Ov Type        Size  Object(Section)

    ../../../edgfe/lib_src/guard.c           0x00000000   Number         0  cxa_guard_release.o ABSOLUTE
    ../../../edgfe/lib_src/guard.c           0x00000000   Number         0  cxa_guard_acquire.o ABSOLUTE
    ../clib/angel/boardlib.s                 0x00000000   Number         0  boardinit3.o ABSOLUTE
    ../clib/angel/boardlib.s                 0x00000000   Number         0  boardinit2.o ABSOLUTE
    ../clib/angel/boardlib.s                 0x00000000   Number         0  boardinit1.o ABSOLUTE
    ../clib/angel/boardlib.s                 0x00000000   Number         0  boardshut.o ABSOLUTE
    ../clib/angel/handlers.s                 0x00000000   Number         0  __scatter_zi.o ABSOLUTE
    ../clib/angel/handlers.s                 0x00000000   Number         0  __scatter_copy.o ABSOLUTE
    ../clib/angel/kernel.s                   0x00000000   Number         0  rtexit2.o ABSOLUTE
    ../clib/angel/kernel.s                   0x00000000   Number         0  __rtentry2.o ABSOLUTE
    ../clib/angel/kernel.s                   0x00000000   Number         0  __rtentry4.o ABSOLUTE
    ../clib/angel/kernel.s                   0x00000000   Number         0  __rtentry.o ABSOLUTE
    ../clib/angel/kernel.s                   0x00000000   Number         0  rtexit.o ABSOLUTE
    ../clib/angel/rt.s                       0x00000000   Number         0  rt_locale.o ABSOLUTE
    ../clib/angel/rt.s                       0x00000000   Number         0  rt_locale_intlibspace.o ABSOLUTE
    ../clib/angel/rt.s                       0x00000000   Number         0  rt_ctype_table.o ABSOLUTE
    ../clib/angel/rt.s                       0x00000000   Number         0  rt_raise.o ABSOLUTE
    ../clib/angel/scatter.s                  0x00000000   Number         0  __scatter.o ABSOLUTE
    ../clib/angel/startup.s                  0x00000000   Number         0  __main.o ABSOLUTE
    ../clib/angel/sys.s                      0x00000000   Number         0  libspace.o ABSOLUTE
    ../clib/angel/sys.s                      0x00000000   Number         0  sys_stackheap_outer.o ABSOLUTE
    ../clib/angel/sys.s                      0x00000000   Number         0  use_no_semi.o ABSOLUTE
    ../clib/angel/sys.s                      0x00000000   Number         0  indicate_semi.o ABSOLUTE
    ../clib/angel/sysapp.c                   0x00000000   Number         0  sys_exit.o ABSOLUTE
    ../clib/angel/sysapp.c                   0x00000000   Number         0  sys_wrch.o ABSOLUTE
    ../clib/angel/sysapp.c                   0x00000000   Number         0  sys_command.o ABSOLUTE
    ../clib/armsys.c                         0x00000000   Number         0  no_argv.o ABSOLUTE
    ../clib/armsys.c                         0x00000000   Number         0  _get_argv_nomalloc.o ABSOLUTE
    ../clib/armsys.c                         0x00000000   Number         0  argv_veneer.o ABSOLUTE
    ../clib/armsys.c                         0x00000000   Number         0  argv_veneer.o ABSOLUTE
    ../clib/bigflt.c                         0x00000000   Number         0  bigflt0.o ABSOLUTE
    ../clib/btod.s                           0x00000000   Number         0  btod.o ABSOLUTE
    ../clib/heapalloc.c                      0x00000000   Number         0  hrguard.o ABSOLUTE
    ../clib/heapaux.c                        0x00000000   Number         0  heapauxi.o ABSOLUTE
    ../clib/libinit.s                        0x00000000   Number         0  libshutdown.o ABSOLUTE
    ../clib/libinit.s                        0x00000000   Number         0  libinit.o ABSOLUTE
    ../clib/libinit.s                        0x00000000   Number         0  libshutdown2.o ABSOLUTE
    ../clib/libinit.s                        0x00000000   Number         0  libinit2.o ABSOLUTE
    ../clib/locale.c                         0x00000000   Number         0  _wcrtomb.o ABSOLUTE
    ../clib/locale.s                         0x00000000   Number         0  lc_numeric_c.o ABSOLUTE
    ../clib/locale.s                         0x00000000   Number         0  lc_ctype_c.o ABSOLUTE
    ../clib/longlong.s                       0x00000000   Number         0  lludiv10.o ABSOLUTE
    ../clib/memcpset.s                       0x00000000   Number         0  strcmpv7m.o ABSOLUTE
    ../clib/misc.s                           0x00000000   Number         0  printf_stubs.o ABSOLUTE
    ../clib/printf.c                         0x00000000   Number         0  _sputc.o ABSOLUTE
    ../clib/printf.c                         0x00000000   Number         0  _printf_oct_ll.o ABSOLUTE
    ../clib/printf.c                         0x00000000   Number         0  _printf_oct_int.o ABSOLUTE
    ../clib/printf.c                         0x00000000   Number         0  _printf_oct_int_ll.o ABSOLUTE
    ../clib/printf.c                         0x00000000   Number         0  _printf_hex_ll.o ABSOLUTE
    ../clib/printf.c                         0x00000000   Number         0  _printf_hex_int.o ABSOLUTE
    ../clib/printf.c                         0x00000000   Number         0  _printf_hex_int_ll.o ABSOLUTE
    ../clib/printf.c                         0x00000000   Number         0  _printf_hex_ptr.o ABSOLUTE
    ../clib/printf.c                         0x00000000   Number         0  _printf_hex_int_ptr.o ABSOLUTE
    ../clib/printf.c                         0x00000000   Number         0  _printf_hex_ll_ptr.o ABSOLUTE
    ../clib/printf.c                         0x00000000   Number         0  _printf_hex_int_ll_ptr.o ABSOLUTE
    ../clib/printf.c                         0x00000000   Number         0  __printf_flags.o ABSOLUTE
    ../clib/printf.c                         0x00000000   Number         0  __printf_ss.o ABSOLUTE
    ../clib/printf.c                         0x00000000   Number         0  __printf_flags_ss.o ABSOLUTE
    ../clib/printf.c                         0x00000000   Number         0  __printf_wp.o ABSOLUTE
    ../clib/printf.c                         0x00000000   Number         0  __printf_ss_wp.o ABSOLUTE
    ../clib/printf.c                         0x00000000   Number         0  __printf_flags_ss_wp.o ABSOLUTE
    ../clib/printf.c                         0x00000000   Number         0  __printf_flags_wp.o ABSOLUTE
    ../clib/printf.c                         0x00000000   Number         0  _printf_fp_infnan.o ABSOLUTE
    ../clib/printf.c                         0x00000000   Number         0  _printf_wchar.o ABSOLUTE
    ../clib/printf.c                         0x00000000   Number         0  _printf_char.o ABSOLUTE
    ../clib/printf.c                         0x00000000   Number         0  _printf_wctomb.o ABSOLUTE
    ../clib/printf.c                         0x00000000   Number         0  _printf_fp_dec.o ABSOLUTE
    ../clib/printf.c                         0x00000000   Number         0  _printf_intcommon.o ABSOLUTE
    ../clib/printf.c                         0x00000000   Number         0  c89vsprintf.o ABSOLUTE
    ../clib/printf.c                         0x00000000   Number         0  __printf_nopercent.o ABSOLUTE
    ../clib/printf.c                         0x00000000   Number         0  __printf.o ABSOLUTE
    ../clib/printf.c                         0x00000000   Number         0  _printf_pad.o ABSOLUTE
    ../clib/printf.c                         0x00000000   Number         0  _printf_truncate.o ABSOLUTE
    ../clib/printf.c                         0x00000000   Number         0  _printf_str.o ABSOLUTE
    ../clib/printf.c                         0x00000000   Number         0  _printf_dec.o ABSOLUTE
    ../clib/printf.c                         0x00000000   Number         0  _printf_charcount.o ABSOLUTE
    ../clib/printf.c                         0x00000000   Number         0  _printf_char_common.o ABSOLUTE
    ../clib/printf.c                         0x00000000   Number         0  _printf_longlong_dec.o ABSOLUTE
    ../clib/printf_percent.s                 0x00000000   Number         0  _printf_percent_end.o ABSOLUTE
    ../clib/printf_percent.s                 0x00000000   Number         0  _printf_lli.o ABSOLUTE
    ../clib/printf_percent.s                 0x00000000   Number         0  _printf_percent.o ABSOLUTE
    ../clib/printf_percent.s                 0x00000000   Number         0  _printf_a.o ABSOLUTE
    ../clib/printf_percent.s                 0x00000000   Number         0  _printf_c.o ABSOLUTE
    ../clib/printf_percent.s                 0x00000000   Number         0  _printf_ll.o ABSOLUTE
    ../clib/printf_percent.s                 0x00000000   Number         0  _printf_d.o ABSOLUTE
    ../clib/printf_percent.s                 0x00000000   Number         0  _printf_s.o ABSOLUTE
    ../clib/printf_percent.s                 0x00000000   Number         0  _printf_n.o ABSOLUTE
    ../clib/printf_percent.s                 0x00000000   Number         0  _printf_x.o ABSOLUTE
    ../clib/printf_percent.s                 0x00000000   Number         0  _printf_p.o ABSOLUTE
    ../clib/printf_percent.s                 0x00000000   Number         0  _printf_o.o ABSOLUTE
    ../clib/printf_percent.s                 0x00000000   Number         0  _printf_lld.o ABSOLUTE
    ../clib/printf_percent.s                 0x00000000   Number         0  _printf_u.o ABSOLUTE
    ../clib/printf_percent.s                 0x00000000   Number         0  _printf_f.o ABSOLUTE
    ../clib/printf_percent.s                 0x00000000   Number         0  _printf_e.o ABSOLUTE
    ../clib/printf_percent.s                 0x00000000   Number         0  _printf_g.o ABSOLUTE
    ../clib/printf_percent.s                 0x00000000   Number         0  _printf_llo.o ABSOLUTE
    ../clib/printf_percent.s                 0x00000000   Number         0  _printf_ls.o ABSOLUTE
    ../clib/printf_percent.s                 0x00000000   Number         0  _printf_llx.o ABSOLUTE
    ../clib/printf_percent.s                 0x00000000   Number         0  _printf_llu.o ABSOLUTE
    ../clib/printf_percent.s                 0x00000000   Number         0  _printf_lc.o ABSOLUTE
    ../clib/printf_percent.s                 0x00000000   Number         0  _printf_l.o ABSOLUTE
    ../clib/printf_percent.s                 0x00000000   Number         0  _printf_i.o ABSOLUTE
    ../clib/signal.c                         0x00000000   Number         0  defsig_stak_inner.o ABSOLUTE
    ../clib/signal.c                         0x00000000   Number         0  defsig_other.o ABSOLUTE
    ../clib/signal.c                         0x00000000   Number         0  defsig_segv_inner.o ABSOLUTE
    ../clib/signal.c                         0x00000000   Number         0  defsig_cppl_inner.o ABSOLUTE
    ../clib/signal.c                         0x00000000   Number         0  defsig_rtred_inner.o ABSOLUTE
    ../clib/signal.c                         0x00000000   Number         0  defsig_fpe_inner.o ABSOLUTE
    ../clib/signal.c                         0x00000000   Number         0  defsig_abrt_inner.o ABSOLUTE
    ../clib/signal.c                         0x00000000   Number         0  defsig_general.o ABSOLUTE
    ../clib/signal.c                         0x00000000   Number         0  defsig_rtmem_inner.o ABSOLUTE
    ../clib/signal.c                         0x00000000   Number         0  defsig_exit.o ABSOLUTE
    ../clib/signal.c                         0x00000000   Number         0  defsig_rtmem_formal.o ABSOLUTE
    ../clib/signal.c                         0x00000000   Number         0  defsig_rtmem_outer.o ABSOLUTE
    ../clib/signal.c                         0x00000000   Number         0  defsig_pvfn_inner.o ABSOLUTE
    ../clib/signal.c                         0x00000000   Number         0  __raise.o ABSOLUTE
    ../clib/signal.s                         0x00000000   Number         0  defsig.o ABSOLUTE
    ../clib/stdlib.c                         0x00000000   Number         0  exit.o ABSOLUTE
    ../fplib/fpinit.s                        0x00000000   Number         0  fpinit.o ABSOLUTE
    ../fplib/istatus.s                       0x00000000   Number         0  istatus.o ABSOLUTE
    ../fplib/printf1.s                       0x00000000   Number         0  printf1.o ABSOLUTE
    ../fplib/usenofp.s                       0x00000000   Number         0  usenofp.o ABSOLUTE
    ../mathlib/fpclassify.c                  0x00000000   Number         0  fpclassify.o ABSOLUTE
    ..\CMSIS\startup_stm32f40_41xxx.s        0x00000000   Number         0  startup_stm32f40_41xxx.o ABSOLUTE
    ..\CMSIS\system_stm32f4xx.c              0x00000000   Number         0  system_stm32f4xx.o ABSOLUTE
    ..\User\Custom\OTAManager.cpp            0x00000000   Number         0  otamanager.o ABSOLUTE
    ..\User\Driver\FlashMemory.cpp           0x00000000   Number         0  flashmemory.o ABSOLUTE
    ..\User\Driver\InteriorFlash.cpp         0x00000000   Number         0  interiorflash.o ABSOLUTE
    ..\User\Driver\LogUart.cpp               0x00000000   Number         0  loguart.o ABSOLUTE
    ..\User\Driver\MainUart.cpp              0x00000000   Number         0  mainuart.o ABSOLUTE
    ..\User\main.cpp                         0x00000000   Number         0  main.o ABSOLUTE
    ..\\CMSIS\\system_stm32f4xx.c            0x00000000   Number         0  system_stm32f4xx.o ABSOLUTE
    ..\\User\\Custom\\OTAManager.cpp         0x00000000   Number         0  otamanager.o ABSOLUTE
    ..\\User\\Driver\\FlashMemory.cpp        0x00000000   Number         0  flashmemory.o ABSOLUTE
    ..\\User\\Driver\\InteriorFlash.cpp      0x00000000   Number         0  interiorflash.o ABSOLUTE
    ..\\User\\Driver\\LogUart.cpp            0x00000000   Number         0  loguart.o ABSOLUTE
    ..\\User\\Driver\\MainUart.cpp           0x00000000   Number         0  mainuart.o ABSOLUTE
    ..\\User\\main.cpp                       0x00000000   Number         0  main.o ABSOLUTE
    dc.s                                     0x00000000   Number         0  dc.o ABSOLUTE
    RESET                                    0x08000000   Section      392  startup_stm32f40_41xxx.o(RESET)
    !!!main                                  0x08000188   Section        8  __main.o(!!!main)
    !!!scatter                               0x08000190   Section       52  __scatter.o(!!!scatter)
    !!handler_copy                           0x080001c4   Section       26  __scatter_copy.o(!!handler_copy)
    !!handler_zi                             0x080001e0   Section       28  __scatter_zi.o(!!handler_zi)
    .ARM.Collect$$libinit$$00000000          0x080001fc   Section        2  libinit.o(.ARM.Collect$$libinit$$00000000)
    .ARM.Collect$$libinit$$00000001          0x080001fe   Section        4  libinit2.o(.ARM.Collect$$libinit$$00000001)
    .ARM.Collect$$libinit$$00000004          0x08000202   Section        0  libinit2.o(.ARM.Collect$$libinit$$00000004)
    .ARM.Collect$$libinit$$0000000A          0x08000202   Section        0  libinit2.o(.ARM.Collect$$libinit$$0000000A)
    .ARM.Collect$$libinit$$0000000C          0x08000202   Section        0  libinit2.o(.ARM.Collect$$libinit$$0000000C)
    .ARM.Collect$$libinit$$0000000E          0x08000202   Section        0  libinit2.o(.ARM.Collect$$libinit$$0000000E)
    .ARM.Collect$$libinit$$00000011          0x08000202   Section        0  libinit2.o(.ARM.Collect$$libinit$$00000011)
    .ARM.Collect$$libinit$$00000013          0x08000202   Section        0  libinit2.o(.ARM.Collect$$libinit$$00000013)
    .ARM.Collect$$libinit$$00000015          0x08000202   Section        0  libinit2.o(.ARM.Collect$$libinit$$00000015)
    .ARM.Collect$$libinit$$00000017          0x08000202   Section        0  libinit2.o(.ARM.Collect$$libinit$$00000017)
    .ARM.Collect$$libinit$$00000019          0x08000202   Section        0  libinit2.o(.ARM.Collect$$libinit$$00000019)
    .ARM.Collect$$libinit$$0000001B          0x08000202   Section        0  libinit2.o(.ARM.Collect$$libinit$$0000001B)
    .ARM.Collect$$libinit$$0000001D          0x08000202   Section        0  libinit2.o(.ARM.Collect$$libinit$$0000001D)
    .ARM.Collect$$libinit$$0000001F          0x08000202   Section        0  libinit2.o(.ARM.Collect$$libinit$$0000001F)
    .ARM.Collect$$libinit$$00000021          0x08000202   Section        0  libinit2.o(.ARM.Collect$$libinit$$00000021)
    .ARM.Collect$$libinit$$00000023          0x08000202   Section        0  libinit2.o(.ARM.Collect$$libinit$$00000023)
    .ARM.Collect$$libinit$$00000025          0x08000202   Section        0  libinit2.o(.ARM.Collect$$libinit$$00000025)
    .ARM.Collect$$libinit$$0000002C          0x08000202   Section        0  libinit2.o(.ARM.Collect$$libinit$$0000002C)
    .ARM.Collect$$libinit$$0000002E          0x08000202   Section        0  libinit2.o(.ARM.Collect$$libinit$$0000002E)
    .ARM.Collect$$libinit$$00000030          0x08000202   Section        0  libinit2.o(.ARM.Collect$$libinit$$00000030)
    .ARM.Collect$$libinit$$00000032          0x08000202   Section        0  libinit2.o(.ARM.Collect$$libinit$$00000032)
    .ARM.Collect$$libinit$$00000033          0x08000202   Section        2  libinit2.o(.ARM.Collect$$libinit$$00000033)
    .ARM.Collect$$libshutdown$$00000000      0x08000204   Section        2  libshutdown.o(.ARM.Collect$$libshutdown$$00000000)
    .ARM.Collect$$libshutdown$$00000002      0x08000206   Section        0  libshutdown2.o(.ARM.Collect$$libshutdown$$00000002)
    .ARM.Collect$$libshutdown$$00000004      0x08000206   Section        0  libshutdown2.o(.ARM.Collect$$libshutdown$$00000004)
    .ARM.Collect$$libshutdown$$00000007      0x08000206   Section        0  libshutdown2.o(.ARM.Collect$$libshutdown$$00000007)
    .ARM.Collect$$libshutdown$$0000000A      0x08000206   Section        0  libshutdown2.o(.ARM.Collect$$libshutdown$$0000000A)
    .ARM.Collect$$libshutdown$$0000000C      0x08000206   Section        0  libshutdown2.o(.ARM.Collect$$libshutdown$$0000000C)
    .ARM.Collect$$libshutdown$$0000000F      0x08000206   Section        0  libshutdown2.o(.ARM.Collect$$libshutdown$$0000000F)
    .ARM.Collect$$libshutdown$$00000010      0x08000206   Section        2  libshutdown2.o(.ARM.Collect$$libshutdown$$00000010)
    .ARM.Collect$$rtentry$$00000000          0x08000208   Section        0  __rtentry.o(.ARM.Collect$$rtentry$$00000000)
    .ARM.Collect$$rtentry$$00000002          0x08000208   Section        0  __rtentry2.o(.ARM.Collect$$rtentry$$00000002)
    .ARM.Collect$$rtentry$$00000004          0x08000208   Section        6  __rtentry4.o(.ARM.Collect$$rtentry$$00000004)
    .ARM.Collect$$rtentry$$00000009          0x0800020e   Section        0  __rtentry2.o(.ARM.Collect$$rtentry$$00000009)
    .ARM.Collect$$rtentry$$0000000A          0x0800020e   Section        4  __rtentry2.o(.ARM.Collect$$rtentry$$0000000A)
    .ARM.Collect$$rtentry$$0000000C          0x08000212   Section        0  __rtentry2.o(.ARM.Collect$$rtentry$$0000000C)
    .ARM.Collect$$rtentry$$0000000D          0x08000212   Section        8  __rtentry2.o(.ARM.Collect$$rtentry$$0000000D)
    .ARM.Collect$$rtexit$$00000000           0x0800021a   Section        2  rtexit.o(.ARM.Collect$$rtexit$$00000000)
    .ARM.Collect$$rtexit$$00000002           0x0800021c   Section        0  rtexit2.o(.ARM.Collect$$rtexit$$00000002)
    .ARM.Collect$$rtexit$$00000003           0x0800021c   Section        4  rtexit2.o(.ARM.Collect$$rtexit$$00000003)
    .ARM.Collect$$rtexit$$00000004           0x08000220   Section        6  rtexit2.o(.ARM.Collect$$rtexit$$00000004)
    .text                                    0x08000228   Section       60  startup_stm32f40_41xxx.o(.text)
    $v0                                      0x08000228   Number         0  startup_stm32f40_41xxx.o(.text)
    .text                                    0x08000264   Section        0  heapauxi.o(.text)
    .text                                    0x0800026a   Section       74  sys_stackheap_outer.o(.text)
    .text                                    0x080002b4   Section        0  exit.o(.text)
    .text                                    0x080002c8   Section        8  libspace.o(.text)
    .text                                    0x080002d0   Section        0  sys_exit.o(.text)
    .text                                    0x080002dc   Section        2  use_no_semi.o(.text)
    .text                                    0x080002de   Section        0  indicate_semi.o(.text)
    i.SetSysClock                            0x080002e0   Section        0  system_stm32f4xx.o(i.SetSysClock)
    SetSysClock                              0x080002e1   Thumb Code   162  system_stm32f4xx.o(i.SetSysClock)
    i.SystemInit                             0x08000394   Section        0  system_stm32f4xx.o(i.SystemInit)
    i.UART5_IRQHandler                       0x080003f0   Section        0  loguart.o(i.UART5_IRQHandler)
    i.USART3_IRQHandler                      0x08000474   Section        0  mainuart.o(i.USART3_IRQHandler)
    i._Z8WaitDonej                           0x080004d4   Section        0  interiorflash.o(i._Z8WaitDonej)
    WaitDone(unsigned)                       0x080004d5   Thumb Code    70  interiorflash.o(i._Z8WaitDonej)
    i._Z8vDelayUst                           0x08000520   Section        0  main.o(i._Z8vDelayUst)
    i._ZN10OTAManager6updateEv               0x08000534   Section        0  otamanager.o(i._ZN10OTAManager6updateEv)
    i._ZN10OTAManager8isUpdateEv             0x080005a4   Section        0  otamanager.o(i._ZN10OTAManager8isUpdateEv)
    i._ZN10OTAManagerC1Ev                    0x08000648   Section        0  otamanager.o(i._ZN10OTAManagerC1Ev)
    i._ZN11FlashMemory12vSectorEarseEj       0x0800064c   Section        0  flashmemory.o(i._ZN11FlashMemory12vSectorEarseEj)
    i._ZN11FlashMemory12vWriteEnableEv       0x08000698   Section        0  flashmemory.o(i._ZN11FlashMemory12vWriteEnableEv)
    i._ZN11FlashMemory12xQueryStatusEv       0x080006b4   Section        0  flashmemory.o(i._ZN11FlashMemory12xQueryStatusEv)
    i._ZN11FlashMemory14xTranslateByteEh     0x080006d8   Section        0  flashmemory.o(i._ZN11FlashMemory14xTranslateByteEh)
    i._ZN11FlashMemory16initSpiInterfaceEv   0x080006f8   Section        0  flashmemory.o(i._ZN11FlashMemory16initSpiInterfaceEv)
    i._ZN11FlashMemory8instanceEv            0x08000790   Section        0  otamanager.o(i._ZN11FlashMemory8instanceEv)
    i._ZN11FlashMemory9vReadDataEjPhj        0x080007bc   Section        0  flashmemory.o(i._ZN11FlashMemory9vReadDataEjPhj)
    i._ZN11FlashMemoryC1Ev                   0x0800080c   Section        0  flashmemory.o(i._ZN11FlashMemoryC1Ev)
    i._ZN13InteriorFlash11vWrite4ByteEjj     0x08000818   Section        0  interiorflash.o(i._ZN13InteriorFlash11vWrite4ByteEjj)
    i._ZN13InteriorFlash12vSectorEarseEh     0x0800085c   Section        0  interiorflash.o(i._ZN13InteriorFlash12vSectorEarseEh)
    i._ZN13InteriorFlash12vWriteBufferEjPKjj 0x080008ec   Section        0  interiorflash.o(i._ZN13InteriorFlash12vWriteBufferEjPKjj)
    i._ZN13InteriorFlash23vEarseApplicationSectorEj 0x08000938   Section        0  interiorflash.o(i._ZN13InteriorFlash23vEarseApplicationSectorEj)
    i._ZN13InteriorFlash8instanceEv          0x08000974   Section        0  otamanager.o(i._ZN13InteriorFlash8instanceEv)
    i._ZN13InteriorFlashC1Ev                 0x080009a0   Section        0  interiorflash.o(i._ZN13InteriorFlashC1Ev)
    i._ZN7LogUart8instanceEv                 0x080009a4   Section        0  loguart.o(i._ZN7LogUart8instanceEv)
    i._ZN7LogUartC1Ev                        0x080009d0   Section        0  loguart.o(i._ZN7LogUartC1Ev)
    i._ZN8MainUart5writeEPKhj                0x08000af0   Section        0  mainuart.o(i._ZN8MainUart5writeEPKhj)
    i._ZN8MainUart5writeEh                   0x08000b0c   Section        0  mainuart.o(i._ZN8MainUart5writeEh)
    i._ZN8MainUartC1Ev                       0x08000b20   Section        0  mainuart.o(i._ZN8MainUartC1Ev)
    i.__cxa_guard_acquire                    0x08000bb8   Section        0  cxa_guard_acquire.o(i.__cxa_guard_acquire)
    i.main                                   0x08000bc8   Section        0  main.o(i.main)
    x$fpl$fpinit                             0x08000c2c   Section       10  fpinit.o(x$fpl$fpinit)
    $v0                                      0x08000c2c   Number         0  fpinit.o(x$fpl$fpinit)
    .data                                    0x20000000   Section        4  loguart.o(.data)
    lastIndex                                0x20000000   Data           4  loguart.o(.data)
    .data                                    0x20000004   Section        4  mainuart.o(.data)
    lastIndex                                0x20000004   Data           4  mainuart.o(.data)
    .data__ZZN10OTAManager8instanceEvE1m     0x20000008   Section        8  main.o(.data__ZZN10OTAManager8instanceEvE1m)
    OTAManager::instance()::m                0x20000008   Number         0  main.o(.data__ZZN10OTAManager8instanceEvE1m)
    .data__ZZN11FlashMemory8instanceEvE1m    0x20000010   Section        4  otamanager.o(.data__ZZN11FlashMemory8instanceEvE1m)
    FlashMemory::instance()::m               0x20000010   Number         0  otamanager.o(.data__ZZN11FlashMemory8instanceEvE1m)
    .data__ZZN13InteriorFlash8instanceEvE1f  0x20000014   Section        5  otamanager.o(.data__ZZN13InteriorFlash8instanceEvE1f)
    InteriorFlash::instance()::f             0x20000014   Number         0  otamanager.o(.data__ZZN13InteriorFlash8instanceEvE1f)
    .data__ZZN7LogUart8instanceEvE4uart      0x2000001c   Section        4  loguart.o(.data__ZZN7LogUart8instanceEvE4uart)
    LogUart::instance()::uart                0x2000001c   Number         0  loguart.o(.data__ZZN7LogUart8instanceEvE4uart)
    .data__ZZN8MainUart8instanceEvE4uart     0x20000020   Section        5  main.o(.data__ZZN8MainUart8instanceEvE4uart)
    MainUart::instance()::uart               0x20000020   Number         0  main.o(.data__ZZN8MainUart8instanceEvE4uart)
    .bss                                     0x20000028   Section     5288  loguart.o(.bss)
    buffer                                   0x20000028   Data         100  loguart.o(.bss)
    RecvBuffer                               0x20000090   Data        5120  loguart.o(.bss)
    RecvSingleBuffer                         0x20001490   Data          64  loguart.o(.bss)
    .bss                                     0x200014d0   Section      872  mainuart.o(.bss)
    buffer                                   0x200014d0   Data         100  mainuart.o(.bss)
    RecvBuffer                               0x20001538   Data         512  mainuart.o(.bss)
    RecvSingleBuffer                         0x20001738   Data         256  mainuart.o(.bss)
    .bss                                     0x20001838   Section     4096  otamanager.o(.bss)
    .bss                                     0x20002838   Section       96  libspace.o(.bss)
    .bss__ZZN11FlashMemory8instanceEvE1m     0x20002898   Section     4096  otamanager.o(.bss__ZZN11FlashMemory8instanceEvE1m)
    .bss__ZZN7LogUart8instanceEvE4uart       0x20003898   Section       12  loguart.o(.bss__ZZN7LogUart8instanceEvE4uart)
    HEAP                                     0x200038a8   Section        0  startup_stm32f40_41xxx.o(HEAP)
    STACK                                    0x200038a8   Section     2048  startup_stm32f40_41xxx.o(STACK)
    Heap_Mem                                 0x200038a8   Data           0  startup_stm32f40_41xxx.o(HEAP)
    Stack_Mem                                0x200038a8   Data        2048  startup_stm32f40_41xxx.o(STACK)
    __initial_sp                             0x200040a8   Data           0  startup_stm32f40_41xxx.o(STACK)

    Global Symbols

    Symbol Name                              Value     Ov Type        Size  Object(Section)

    BuildAttributes$$THM_ISAv4$E$P$D$K$B$S$7EM$VFPi3$EXTD16$VFPS$VFMA$PE$A:L22UL41UL21$X:L11$S22US41US21$IEEE1$IW$USESV6$~STKCKD$USESV7$~SHL$OTIME$ROPI$IEEEJ$EBA8$UX$STANDARDLIB$REQ8$PRES8$EABIv2 0x00000000   Number         0  anon$$obj.o ABSOLUTE
    __ARM_use_no_argv                        0x00000000   Number         0  main.o ABSOLUTE
    _printf_flags                            0x00000000   Number         0  printf_stubs.o ABSOLUTE
    _printf_return_value                     0x00000000   Number         0  printf_stubs.o ABSOLUTE
    _printf_sizespec                         0x00000000   Number         0  printf_stubs.o ABSOLUTE
    _printf_widthprec                        0x00000000   Number         0  printf_stubs.o ABSOLUTE
    __ARM_exceptions_init                     - Undefined Weak Reference
    __alloca_initialize                       - Undefined Weak Reference
    __arm_preinit_                            - Undefined Weak Reference
    __cpp_initialize__aeabi_                  - Undefined Weak Reference
    __cxa_finalize                            - Undefined Weak Reference
    __sigvec_lookup                           - Undefined Weak Reference
    _atexit_init                              - Undefined Weak Reference
    _call_atexit_fns                          - Undefined Weak Reference
    _clock_init                               - Undefined Weak Reference
    _fp_trap_init                             - Undefined Weak Reference
    _fp_trap_shutdown                         - Undefined Weak Reference
    _get_lc_collate                           - Undefined Weak Reference
    _get_lc_monetary                          - Undefined Weak Reference
    _get_lc_time                              - Undefined Weak Reference
    _getenv_init                              - Undefined Weak Reference
    _handle_redirection                       - Undefined Weak Reference
    _init_alloc                               - Undefined Weak Reference
    _init_user_alloc                          - Undefined Weak Reference
    _initio                                   - Undefined Weak Reference
    _printf_fp_hex                            - Undefined Weak Reference
    _printf_mbtowc                            - Undefined Weak Reference
    _printf_wc                                - Undefined Weak Reference
    _rand_init                                - Undefined Weak Reference
    _signal_finish                            - Undefined Weak Reference
    _signal_init                              - Undefined Weak Reference
    _terminate_alloc                          - Undefined Weak Reference
    _terminate_user_alloc                     - Undefined Weak Reference
    _terminateio                              - Undefined Weak Reference
    __Vectors_Size                           0x00000188   Number         0  startup_stm32f40_41xxx.o ABSOLUTE
    __Vectors                                0x08000000   Data           4  startup_stm32f40_41xxx.o(RESET)
    __Vectors_End                            0x08000188   Data           0  startup_stm32f40_41xxx.o(RESET)
    __main                                   0x08000189   Thumb Code     8  __main.o(!!!main)
    __scatterload                            0x08000191   Thumb Code     0  __scatter.o(!!!scatter)
    __scatterload_rt2                        0x08000191   Thumb Code    44  __scatter.o(!!!scatter)
    __scatterload_rt2_thumb_only             0x08000191   Thumb Code     0  __scatter.o(!!!scatter)
    __scatterload_null                       0x0800019f   Thumb Code     0  __scatter.o(!!!scatter)
    __scatterload_copy                       0x080001c5   Thumb Code    26  __scatter_copy.o(!!handler_copy)
    __scatterload_zeroinit                   0x080001e1   Thumb Code    28  __scatter_zi.o(!!handler_zi)
    __rt_lib_init                            0x080001fd   Thumb Code     0  libinit.o(.ARM.Collect$$libinit$$00000000)
    __rt_lib_init_fp_1                       0x080001ff   Thumb Code     0  libinit2.o(.ARM.Collect$$libinit$$00000001)
    __rt_lib_init_alloca_1                   0x08000203   Thumb Code     0  libinit2.o(.ARM.Collect$$libinit$$0000002E)
    __rt_lib_init_argv_1                     0x08000203   Thumb Code     0  libinit2.o(.ARM.Collect$$libinit$$0000002C)
    __rt_lib_init_atexit_1                   0x08000203   Thumb Code     0  libinit2.o(.ARM.Collect$$libinit$$0000001B)
    __rt_lib_init_clock_1                    0x08000203   Thumb Code     0  libinit2.o(.ARM.Collect$$libinit$$00000021)
    __rt_lib_init_cpp_1                      0x08000203   Thumb Code     0  libinit2.o(.ARM.Collect$$libinit$$00000032)
    __rt_lib_init_exceptions_1               0x08000203   Thumb Code     0  libinit2.o(.ARM.Collect$$libinit$$00000030)
    __rt_lib_init_fp_trap_1                  0x08000203   Thumb Code     0  libinit2.o(.ARM.Collect$$libinit$$0000001F)
    __rt_lib_init_getenv_1                   0x08000203   Thumb Code     0  libinit2.o(.ARM.Collect$$libinit$$00000023)
    __rt_lib_init_heap_1                     0x08000203   Thumb Code     0  libinit2.o(.ARM.Collect$$libinit$$0000000A)
    __rt_lib_init_lc_collate_1               0x08000203   Thumb Code     0  libinit2.o(.ARM.Collect$$libinit$$00000011)
    __rt_lib_init_lc_ctype_1                 0x08000203   Thumb Code     0  libinit2.o(.ARM.Collect$$libinit$$00000013)
    __rt_lib_init_lc_monetary_1              0x08000203   Thumb Code     0  libinit2.o(.ARM.Collect$$libinit$$00000015)
    __rt_lib_init_lc_numeric_1               0x08000203   Thumb Code     0  libinit2.o(.ARM.Collect$$libinit$$00000017)
    __rt_lib_init_lc_time_1                  0x08000203   Thumb Code     0  libinit2.o(.ARM.Collect$$libinit$$00000019)
    __rt_lib_init_preinit_1                  0x08000203   Thumb Code     0  libinit2.o(.ARM.Collect$$libinit$$00000004)
    __rt_lib_init_rand_1                     0x08000203   Thumb Code     0  libinit2.o(.ARM.Collect$$libinit$$0000000E)
    __rt_lib_init_return                     0x08000203   Thumb Code     0  libinit2.o(.ARM.Collect$$libinit$$00000033)
    __rt_lib_init_signal_1                   0x08000203   Thumb Code     0  libinit2.o(.ARM.Collect$$libinit$$0000001D)
    __rt_lib_init_stdio_1                    0x08000203   Thumb Code     0  libinit2.o(.ARM.Collect$$libinit$$00000025)
    __rt_lib_init_user_alloc_1               0x08000203   Thumb Code     0  libinit2.o(.ARM.Collect$$libinit$$0000000C)
    __rt_lib_shutdown                        0x08000205   Thumb Code     0  libshutdown.o(.ARM.Collect$$libshutdown$$00000000)
    __rt_lib_shutdown_cpp_1                  0x08000207   Thumb Code     0  libshutdown2.o(.ARM.Collect$$libshutdown$$00000002)
    __rt_lib_shutdown_fp_trap_1              0x08000207   Thumb Code     0  libshutdown2.o(.ARM.Collect$$libshutdown$$00000007)
    __rt_lib_shutdown_heap_1                 0x08000207   Thumb Code     0  libshutdown2.o(.ARM.Collect$$libshutdown$$0000000F)
    __rt_lib_shutdown_return                 0x08000207   Thumb Code     0  libshutdown2.o(.ARM.Collect$$libshutdown$$00000010)
    __rt_lib_shutdown_signal_1               0x08000207   Thumb Code     0  libshutdown2.o(.ARM.Collect$$libshutdown$$0000000A)
    __rt_lib_shutdown_stdio_1                0x08000207   Thumb Code     0  libshutdown2.o(.ARM.Collect$$libshutdown$$00000004)
    __rt_lib_shutdown_user_alloc_1           0x08000207   Thumb Code     0  libshutdown2.o(.ARM.Collect$$libshutdown$$0000000C)
    __rt_entry                               0x08000209   Thumb Code     0  __rtentry.o(.ARM.Collect$$rtentry$$00000000)
    __rt_entry_presh_1                       0x08000209   Thumb Code     0  __rtentry2.o(.ARM.Collect$$rtentry$$00000002)
    __rt_entry_sh                            0x08000209   Thumb Code     0  __rtentry4.o(.ARM.Collect$$rtentry$$00000004)
    __rt_entry_li                            0x0800020f   Thumb Code     0  __rtentry2.o(.ARM.Collect$$rtentry$$0000000A)
    __rt_entry_postsh_1                      0x0800020f   Thumb Code     0  __rtentry2.o(.ARM.Collect$$rtentry$$00000009)
    __rt_entry_main                          0x08000213   Thumb Code     0  __rtentry2.o(.ARM.Collect$$rtentry$$0000000D)
    __rt_entry_postli_1                      0x08000213   Thumb Code     0  __rtentry2.o(.ARM.Collect$$rtentry$$0000000C)
    __rt_exit                                0x0800021b   Thumb Code     0  rtexit.o(.ARM.Collect$$rtexit$$00000000)
    __rt_exit_ls                             0x0800021d   Thumb Code     0  rtexit2.o(.ARM.Collect$$rtexit$$00000003)
    __rt_exit_prels_1                        0x0800021d   Thumb Code     0  rtexit2.o(.ARM.Collect$$rtexit$$00000002)
    __rt_exit_exit                           0x08000221   Thumb Code     0  rtexit2.o(.ARM.Collect$$rtexit$$00000004)
    Reset_Handler                            0x08000229   Thumb Code     8  startup_stm32f40_41xxx.o(.text)
    NMI_Handler                              0x08000231   Thumb Code     2  startup_stm32f40_41xxx.o(.text)
    HardFault_Handler                        0x08000233   Thumb Code     2  startup_stm32f40_41xxx.o(.text)
    MemManage_Handler                        0x08000235   Thumb Code     2  startup_stm32f40_41xxx.o(.text)
    BusFault_Handler                         0x08000237   Thumb Code     2  startup_stm32f40_41xxx.o(.text)
    UsageFault_Handler                       0x08000239   Thumb Code     2  startup_stm32f40_41xxx.o(.text)
    SVC_Handler                              0x0800023b   Thumb Code     2  startup_stm32f40_41xxx.o(.text)
    DebugMon_Handler                         0x0800023d   Thumb Code     2  startup_stm32f40_41xxx.o(.text)
    PendSV_Handler                           0x0800023f   Thumb Code     2  startup_stm32f40_41xxx.o(.text)
    SysTick_Handler                          0x08000241   Thumb Code     2  startup_stm32f40_41xxx.o(.text)
    ADC_IRQHandler                           0x08000243   Thumb Code     0  startup_stm32f40_41xxx.o(.text)
    CAN1_RX0_IRQHandler                      0x08000243   Thumb Code     0  startup_stm32f40_41xxx.o(.text)
    CAN1_RX1_IRQHandler                      0x08000243   Thumb Code     0  startup_stm32f40_41xxx.o(.text)
    CAN1_SCE_IRQHandler                      0x08000243   Thumb Code     0  startup_stm32f40_41xxx.o(.text)
    CAN1_TX_IRQHandler                       0x08000243   Thumb Code     0  startup_stm32f40_41xxx.o(.text)
    CAN2_RX0_IRQHandler                      0x08000243   Thumb Code     0  startup_stm32f40_41xxx.o(.text)
    CAN2_RX1_IRQHandler                      0x08000243   Thumb Code     0  startup_stm32f40_41xxx.o(.text)
    CAN2_SCE_IRQHandler                      0x08000243   Thumb Code     0  startup_stm32f40_41xxx.o(.text)
    CAN2_TX_IRQHandler                       0x08000243   Thumb Code     0  startup_stm32f40_41xxx.o(.text)
    CRYP_IRQHandler                          0x08000243   Thumb Code     0  startup_stm32f40_41xxx.o(.text)
    DCMI_IRQHandler                          0x08000243   Thumb Code     0  startup_stm32f40_41xxx.o(.text)
    DMA1_Stream0_IRQHandler                  0x08000243   Thumb Code     0  startup_stm32f40_41xxx.o(.text)
    DMA1_Stream1_IRQHandler                  0x08000243   Thumb Code     0  startup_stm32f40_41xxx.o(.text)
    DMA1_Stream2_IRQHandler                  0x08000243   Thumb Code     0  startup_stm32f40_41xxx.o(.text)
    DMA1_Stream3_IRQHandler                  0x08000243   Thumb Code     0  startup_stm32f40_41xxx.o(.text)
    DMA1_Stream4_IRQHandler                  0x08000243   Thumb Code     0  startup_stm32f40_41xxx.o(.text)
    DMA1_Stream5_IRQHandler                  0x08000243   Thumb Code     0  startup_stm32f40_41xxx.o(.text)
    DMA1_Stream6_IRQHandler                  0x08000243   Thumb Code     0  startup_stm32f40_41xxx.o(.text)
    DMA1_Stream7_IRQHandler                  0x08000243   Thumb Code     0  startup_stm32f40_41xxx.o(.text)
    DMA2_Stream0_IRQHandler                  0x08000243   Thumb Code     0  startup_stm32f40_41xxx.o(.text)
    DMA2_Stream1_IRQHandler                  0x08000243   Thumb Code     0  startup_stm32f40_41xxx.o(.text)
    DMA2_Stream2_IRQHandler                  0x08000243   Thumb Code     0  startup_stm32f40_41xxx.o(.text)
    DMA2_Stream3_IRQHandler                  0x08000243   Thumb Code     0  startup_stm32f40_41xxx.o(.text)
    DMA2_Stream4_IRQHandler                  0x08000243   Thumb Code     0  startup_stm32f40_41xxx.o(.text)
    DMA2_Stream5_IRQHandler                  0x08000243   Thumb Code     0  startup_stm32f40_41xxx.o(.text)
    DMA2_Stream6_IRQHandler                  0x08000243   Thumb Code     0  startup_stm32f40_41xxx.o(.text)
    DMA2_Stream7_IRQHandler                  0x08000243   Thumb Code     0  startup_stm32f40_41xxx.o(.text)
    ETH_IRQHandler                           0x08000243   Thumb Code     0  startup_stm32f40_41xxx.o(.text)
    ETH_WKUP_IRQHandler                      0x08000243   Thumb Code     0  startup_stm32f40_41xxx.o(.text)
    EXTI0_IRQHandler                         0x08000243   Thumb Code     0  startup_stm32f40_41xxx.o(.text)
    EXTI15_10_IRQHandler                     0x08000243   Thumb Code     0  startup_stm32f40_41xxx.o(.text)
    EXTI1_IRQHandler                         0x08000243   Thumb Code     0  startup_stm32f40_41xxx.o(.text)
    EXTI2_IRQHandler                         0x08000243   Thumb Code     0  startup_stm32f40_41xxx.o(.text)
    EXTI3_IRQHandler                         0x08000243   Thumb Code     0  startup_stm32f40_41xxx.o(.text)
    EXTI4_IRQHandler                         0x08000243   Thumb Code     0  startup_stm32f40_41xxx.o(.text)
    EXTI9_5_IRQHandler                       0x08000243   Thumb Code     0  startup_stm32f40_41xxx.o(.text)
    FLASH_IRQHandler                         0x08000243   Thumb Code     0  startup_stm32f40_41xxx.o(.text)
    FPU_IRQHandler                           0x08000243   Thumb Code     0  startup_stm32f40_41xxx.o(.text)
    FSMC_IRQHandler                          0x08000243   Thumb Code     0  startup_stm32f40_41xxx.o(.text)
    HASH_RNG_IRQHandler                      0x08000243   Thumb Code     0  startup_stm32f40_41xxx.o(.text)
    I2C1_ER_IRQHandler                       0x08000243   Thumb Code     0  startup_stm32f40_41xxx.o(.text)
    I2C1_EV_IRQHandler                       0x08000243   Thumb Code     0  startup_stm32f40_41xxx.o(.text)
    I2C2_ER_IRQHandler                       0x08000243   Thumb Code     0  startup_stm32f40_41xxx.o(.text)
    I2C2_EV_IRQHandler                       0x08000243   Thumb Code     0  startup_stm32f40_41xxx.o(.text)
    I2C3_ER_IRQHandler                       0x08000243   Thumb Code     0  startup_stm32f40_41xxx.o(.text)
    I2C3_EV_IRQHandler                       0x08000243   Thumb Code     0  startup_stm32f40_41xxx.o(.text)
    OTG_FS_IRQHandler                        0x08000243   Thumb Code     0  startup_stm32f40_41xxx.o(.text)
    OTG_FS_WKUP_IRQHandler                   0x08000243   Thumb Code     0  startup_stm32f40_41xxx.o(.text)
    OTG_HS_EP1_IN_IRQHandler                 0x08000243   Thumb Code     0  startup_stm32f40_41xxx.o(.text)
    OTG_HS_EP1_OUT_IRQHandler                0x08000243   Thumb Code     0  startup_stm32f40_41xxx.o(.text)
    OTG_HS_IRQHandler                        0x08000243   Thumb Code     0  startup_stm32f40_41xxx.o(.text)
    OTG_HS_WKUP_IRQHandler                   0x08000243   Thumb Code     0  startup_stm32f40_41xxx.o(.text)
    PVD_IRQHandler                           0x08000243   Thumb Code     0  startup_stm32f40_41xxx.o(.text)
    RCC_IRQHandler                           0x08000243   Thumb Code     0  startup_stm32f40_41xxx.o(.text)
    RTC_Alarm_IRQHandler                     0x08000243   Thumb Code     0  startup_stm32f40_41xxx.o(.text)
    RTC_WKUP_IRQHandler                      0x08000243   Thumb Code     0  startup_stm32f40_41xxx.o(.text)
    SDIO_IRQHandler                          0x08000243   Thumb Code     0  startup_stm32f40_41xxx.o(.text)
    SPI1_IRQHandler                          0x08000243   Thumb Code     0  startup_stm32f40_41xxx.o(.text)
    SPI2_IRQHandler                          0x08000243   Thumb Code     0  startup_stm32f40_41xxx.o(.text)
    SPI3_IRQHandler                          0x08000243   Thumb Code     0  startup_stm32f40_41xxx.o(.text)
    TAMP_STAMP_IRQHandler                    0x08000243   Thumb Code     0  startup_stm32f40_41xxx.o(.text)
    TIM1_BRK_TIM9_IRQHandler                 0x08000243   Thumb Code     0  startup_stm32f40_41xxx.o(.text)
    TIM1_CC_IRQHandler                       0x08000243   Thumb Code     0  startup_stm32f40_41xxx.o(.text)
    TIM1_TRG_COM_TIM11_IRQHandler            0x08000243   Thumb Code     0  startup_stm32f40_41xxx.o(.text)
    TIM1_UP_TIM10_IRQHandler                 0x08000243   Thumb Code     0  startup_stm32f40_41xxx.o(.text)
    TIM2_IRQHandler                          0x08000243   Thumb Code     0  startup_stm32f40_41xxx.o(.text)
    TIM3_IRQHandler                          0x08000243   Thumb Code     0  startup_stm32f40_41xxx.o(.text)
    TIM4_IRQHandler                          0x08000243   Thumb Code     0  startup_stm32f40_41xxx.o(.text)
    TIM5_IRQHandler                          0x08000243   Thumb Code     0  startup_stm32f40_41xxx.o(.text)
    TIM6_DAC_IRQHandler                      0x08000243   Thumb Code     0  startup_stm32f40_41xxx.o(.text)
    TIM7_IRQHandler                          0x08000243   Thumb Code     0  startup_stm32f40_41xxx.o(.text)
    TIM8_BRK_TIM12_IRQHandler                0x08000243   Thumb Code     0  startup_stm32f40_41xxx.o(.text)
    TIM8_CC_IRQHandler                       0x08000243   Thumb Code     0  startup_stm32f40_41xxx.o(.text)
    TIM8_TRG_COM_TIM14_IRQHandler            0x08000243   Thumb Code     0  startup_stm32f40_41xxx.o(.text)
    TIM8_UP_TIM13_IRQHandler                 0x08000243   Thumb Code     0  startup_stm32f40_41xxx.o(.text)
    UART4_IRQHandler                         0x08000243   Thumb Code     0  startup_stm32f40_41xxx.o(.text)
    USART1_IRQHandler                        0x08000243   Thumb Code     0  startup_stm32f40_41xxx.o(.text)
    USART2_IRQHandler                        0x08000243   Thumb Code     0  startup_stm32f40_41xxx.o(.text)
    USART6_IRQHandler                        0x08000243   Thumb Code     0  startup_stm32f40_41xxx.o(.text)
    WWDG_IRQHandler                          0x08000243   Thumb Code     0  startup_stm32f40_41xxx.o(.text)
    __user_initial_stackheap                 0x08000245   Thumb Code     0  startup_stm32f40_41xxx.o(.text)
    __use_two_region_memory                  0x08000265   Thumb Code     2  heapauxi.o(.text)
    __rt_heap_escrow$2region                 0x08000267   Thumb Code     2  heapauxi.o(.text)
    __rt_heap_expand$2region                 0x08000269   Thumb Code     2  heapauxi.o(.text)
    __user_setup_stackheap                   0x0800026b   Thumb Code    74  sys_stackheap_outer.o(.text)
    exit                                     0x080002b5   Thumb Code    18  exit.o(.text)
    __user_libspace                          0x080002c9   Thumb Code     8  libspace.o(.text)
    __user_perproc_libspace                  0x080002c9   Thumb Code     0  libspace.o(.text)
    __user_perthread_libspace                0x080002c9   Thumb Code     0  libspace.o(.text)
    _sys_exit                                0x080002d1   Thumb Code     8  sys_exit.o(.text)
    __I$use$semihosting                      0x080002dd   Thumb Code     0  use_no_semi.o(.text)
    __use_no_semihosting_swi                 0x080002dd   Thumb Code     2  use_no_semi.o(.text)
    __semihosting_library_function           0x080002df   Thumb Code     0  indicate_semi.o(.text)
    SystemInit                               0x08000395   Thumb Code    74  system_stm32f4xx.o(i.SystemInit)
    UART5_IRQHandler                         0x080003f1   Thumb Code   112  loguart.o(i.UART5_IRQHandler)
    USART3_IRQHandler                        0x08000475   Thumb Code    78  mainuart.o(i.USART3_IRQHandler)
    vDelayUs(unsigned short)                 0x08000521   Thumb Code    14  main.o(i._Z8vDelayUst)
    OTAManager::update()                     0x08000535   Thumb Code   104  otamanager.o(i._ZN10OTAManager6updateEv)
    OTAManager::isUpdate()                   0x080005a5   Thumb Code   148  otamanager.o(i._ZN10OTAManager8isUpdateEv)
    OTAManager::OTAManager()                 0x08000649   Thumb Code     2  otamanager.o(i._ZN10OTAManagerC1Ev)
    OTAManager::OTAManager__sub_object()     0x08000649   Thumb Code     0  otamanager.o(i._ZN10OTAManagerC1Ev)
    FlashMemory::vSectorEarse(unsigned)      0x0800064d   Thumb Code    70  flashmemory.o(i._ZN11FlashMemory12vSectorEarseEj)
    FlashMemory::vWriteEnable()              0x08000699   Thumb Code    22  flashmemory.o(i._ZN11FlashMemory12vWriteEnableEv)
    FlashMemory::xQueryStatus()              0x080006b5   Thumb Code    32  flashmemory.o(i._ZN11FlashMemory12xQueryStatusEv)
    FlashMemory::xTranslateByte(unsigned char) 0x080006d9   Thumb Code    26  flashmemory.o(i._ZN11FlashMemory14xTranslateByteEh)
    FlashMemory::initSpiInterface()          0x080006f9   Thumb Code   132  flashmemory.o(i._ZN11FlashMemory16initSpiInterfaceEv)
    FlashMemory::instance()                  0x08000791   Thumb Code    34  otamanager.o(i._ZN11FlashMemory8instanceEv)
    FlashMemory::vReadData(unsigned, unsigned char*, unsigned) 0x080007bd   Thumb Code    76  flashmemory.o(i._ZN11FlashMemory9vReadDataEjPhj)
    FlashMemory::FlashMemory()               0x0800080d   Thumb Code    12  flashmemory.o(i._ZN11FlashMemoryC1Ev)
    FlashMemory::FlashMemory__sub_object()   0x0800080d   Thumb Code     0  flashmemory.o(i._ZN11FlashMemoryC1Ev)
    InteriorFlash::vWrite4Byte(unsigned, unsigned) 0x08000819   Thumb Code    64  interiorflash.o(i._ZN13InteriorFlash11vWrite4ByteEjj)
    InteriorFlash::vSectorEarse(unsigned char) 0x0800085d   Thumb Code   126  interiorflash.o(i._ZN13InteriorFlash12vSectorEarseEh)
    InteriorFlash::vWriteBuffer(unsigned, const unsigned*, unsigned) 0x080008ed   Thumb Code    62  interiorflash.o(i._ZN13InteriorFlash12vWriteBufferEjPKjj)
    InteriorFlash::vEarseApplicationSector(unsigned) 0x08000939   Thumb Code    60  interiorflash.o(i._ZN13InteriorFlash23vEarseApplicationSectorEj)
    InteriorFlash::instance()                0x08000975   Thumb Code    34  otamanager.o(i._ZN13InteriorFlash8instanceEv)
    InteriorFlash::InteriorFlash()           0x080009a1   Thumb Code     2  interiorflash.o(i._ZN13InteriorFlashC1Ev)
    InteriorFlash::InteriorFlash__sub_object() 0x080009a1   Thumb Code     0  interiorflash.o(i._ZN13InteriorFlashC1Ev)
    LogUart::instance()                      0x080009a5   Thumb Code    34  loguart.o(i._ZN7LogUart8instanceEv)
    LogUart::LogUart()                       0x080009d1   Thumb Code   254  loguart.o(i._ZN7LogUartC1Ev)
    LogUart::LogUart__sub_object()           0x080009d1   Thumb Code     0  loguart.o(i._ZN7LogUartC1Ev)
    MainUart::write(const unsigned char*, unsigned) 0x08000af1   Thumb Code    26  mainuart.o(i._ZN8MainUart5writeEPKhj)
    MainUart::write(unsigned char)           0x08000b0d   Thumb Code    16  mainuart.o(i._ZN8MainUart5writeEh)
    MainUart::MainUart()                     0x08000b21   Thumb Code   138  mainuart.o(i._ZN8MainUartC1Ev)
    MainUart::MainUart__sub_object()         0x08000b21   Thumb Code     0  mainuart.o(i._ZN8MainUartC1Ev)
    __cxa_guard_acquire                      0x08000bb9   Thumb Code    16  cxa_guard_acquire.o(i.__cxa_guard_acquire)
    main                                     0x08000bc9   Thumb Code    80  main.o(i.main)
    _fp_init                                 0x08000c2d   Thumb Code    10  fpinit.o(x$fpl$fpinit)
    __fplib_config_fpu_vfp                   0x08000c35   Thumb Code     0  fpinit.o(x$fpl$fpinit)
    __fplib_config_pureend_doubles           0x08000c35   Thumb Code     0  fpinit.o(x$fpl$fpinit)
    Region$$Table$$Base                      0x08000c38   Number         0  anon$$obj.o(Region$$Table)
    Region$$Table$$Limit                     0x08000c58   Number         0  anon$$obj.o(Region$$Table)
    guard variable for OTAManager::instance()::m 0x20000008   Data           4  main.o(.data__ZZN10OTAManager8instanceEvE1m)
    OTAManager::instance()::m                0x2000000c   Data           4  main.o(.data__ZZN10OTAManager8instanceEvE1m)
    guard variable for FlashMemory::instance()::m 0x20000010   Data           4  otamanager.o(.data__ZZN11FlashMemory8instanceEvE1m)
    guard variable for InteriorFlash::instance()::f 0x20000014   Data           4  otamanager.o(.data__ZZN13InteriorFlash8instanceEvE1f)
    InteriorFlash::instance()::f             0x20000018   Data           1  otamanager.o(.data__ZZN13InteriorFlash8instanceEvE1f)
    guard variable for LogUart::instance()::uart 0x2000001c   Data           4  loguart.o(.data__ZZN7LogUart8instanceEvE4uart)
    guard variable for MainUart::instance()::uart 0x20000020   Data           4  main.o(.data__ZZN8MainUart8instanceEvE4uart)
    MainUart::instance()::uart               0x20000024   Data           1  main.o(.data__ZZN8MainUart8instanceEvE4uart)
    mAppBuffer                               0x20001838   Data        4096  otamanager.o(.bss)
    __libspace_start                         0x20002838   Data          96  libspace.o(.bss)
    FlashMemory::instance()::m               0x20002898   Data        4096  otamanager.o(.bss__ZZN11FlashMemory8instanceEvE1m)
    __temporary_stack_top$libspace           0x20002898   Data           0  libspace.o(.bss)
    LogUart::instance()::uart                0x20003898   Data          12  loguart.o(.bss__ZZN7LogUart8instanceEvE4uart)



==============================================================================

Memory Map of the image

  Image Entry point : 0x08000189

  Load Region LR_IROM1 (Base: 0x08000000, Size: 0x00000c80, Max: 0x00004000, ABSOLUTE)

    Execution Region ER_IROM1 (Base: 0x08000000, Size: 0x00000c58, Max: 0x00004000, ABSOLUTE)

    Base Addr    Size         Type   Attr      Idx    E Section Name        Object

    0x08000000   0x00000188   Data   RO           66    RESET               startup_stm32f40_41xxx.o
    0x08000188   0x00000008   Code   RO          504  * !!!main             c_w.l(__main.o)
    0x08000190   0x00000034   Code   RO          822    !!!scatter          c_w.l(__scatter.o)
    0x080001c4   0x0000001a   Code   RO          824    !!handler_copy      c_w.l(__scatter_copy.o)
    0x080001de   0x00000002   PAD
    0x080001e0   0x0000001c   Code   RO          826    !!handler_zi        c_w.l(__scatter_zi.o)
    0x080001fc   0x00000002   Code   RO          682    .ARM.Collect$$libinit$$00000000  c_w.l(libinit.o)
    0x080001fe   0x00000004   Code   RO          698    .ARM.Collect$$libinit$$00000001  c_w.l(libinit2.o)
    0x08000202   0x00000000   Code   RO          701    .ARM.Collect$$libinit$$00000004  c_w.l(libinit2.o)
    0x08000202   0x00000000   Code   RO          704    .ARM.Collect$$libinit$$0000000A  c_w.l(libinit2.o)
    0x08000202   0x00000000   Code   RO          706    .ARM.Collect$$libinit$$0000000C  c_w.l(libinit2.o)
    0x08000202   0x00000000   Code   RO          708    .ARM.Collect$$libinit$$0000000E  c_w.l(libinit2.o)
    0x08000202   0x00000000   Code   RO          711    .ARM.Collect$$libinit$$00000011  c_w.l(libinit2.o)
    0x08000202   0x00000000   Code   RO          713    .ARM.Collect$$libinit$$00000013  c_w.l(libinit2.o)
    0x08000202   0x00000000   Code   RO          715    .ARM.Collect$$libinit$$00000015  c_w.l(libinit2.o)
    0x08000202   0x00000000   Code   RO          717    .ARM.Collect$$libinit$$00000017  c_w.l(libinit2.o)
    0x08000202   0x00000000   Code   RO          719    .ARM.Collect$$libinit$$00000019  c_w.l(libinit2.o)
    0x08000202   0x00000000   Code   RO          721    .ARM.Collect$$libinit$$0000001B  c_w.l(libinit2.o)
    0x08000202   0x00000000   Code   RO          723    .ARM.Collect$$libinit$$0000001D  c_w.l(libinit2.o)
    0x08000202   0x00000000   Code   RO          725    .ARM.Collect$$libinit$$0000001F  c_w.l(libinit2.o)
    0x08000202   0x00000000   Code   RO          727    .ARM.Collect$$libinit$$00000021  c_w.l(libinit2.o)
    0x08000202   0x00000000   Code   RO          729    .ARM.Collect$$libinit$$00000023  c_w.l(libinit2.o)
    0x08000202   0x00000000   Code   RO          731    .ARM.Collect$$libinit$$00000025  c_w.l(libinit2.o)
    0x08000202   0x00000000   Code   RO          735    .ARM.Collect$$libinit$$0000002C  c_w.l(libinit2.o)
    0x08000202   0x00000000   Code   RO          737    .ARM.Collect$$libinit$$0000002E  c_w.l(libinit2.o)
    0x08000202   0x00000000   Code   RO          739    .ARM.Collect$$libinit$$00000030  c_w.l(libinit2.o)
    0x08000202   0x00000000   Code   RO          741    .ARM.Collect$$libinit$$00000032  c_w.l(libinit2.o)
    0x08000202   0x00000002   Code   RO          742    .ARM.Collect$$libinit$$00000033  c_w.l(libinit2.o)
    0x08000204   0x00000002   Code   RO          762    .ARM.Collect$$libshutdown$$00000000  c_w.l(libshutdown.o)
    0x08000206   0x00000000   Code   RO          775    .ARM.Collect$$libshutdown$$00000002  c_w.l(libshutdown2.o)
    0x08000206   0x00000000   Code   RO          777    .ARM.Collect$$libshutdown$$00000004  c_w.l(libshutdown2.o)
    0x08000206   0x00000000   Code   RO          780    .ARM.Collect$$libshutdown$$00000007  c_w.l(libshutdown2.o)
    0x08000206   0x00000000   Code   RO          783    .ARM.Collect$$libshutdown$$0000000A  c_w.l(libshutdown2.o)
    0x08000206   0x00000000   Code   RO          785    .ARM.Collect$$libshutdown$$0000000C  c_w.l(libshutdown2.o)
    0x08000206   0x00000000   Code   RO          788    .ARM.Collect$$libshutdown$$0000000F  c_w.l(libshutdown2.o)
    0x08000206   0x00000002   Code   RO          789    .ARM.Collect$$libshutdown$$00000010  c_w.l(libshutdown2.o)
    0x08000208   0x00000000   Code   RO          512    .ARM.Collect$$rtentry$$00000000  c_w.l(__rtentry.o)
    0x08000208   0x00000000   Code   RO          607    .ARM.Collect$$rtentry$$00000002  c_w.l(__rtentry2.o)
    0x08000208   0x00000006   Code   RO          619    .ARM.Collect$$rtentry$$00000004  c_w.l(__rtentry4.o)
    0x0800020e   0x00000000   Code   RO          609    .ARM.Collect$$rtentry$$00000009  c_w.l(__rtentry2.o)
    0x0800020e   0x00000004   Code   RO          610    .ARM.Collect$$rtentry$$0000000A  c_w.l(__rtentry2.o)
    0x08000212   0x00000000   Code   RO          612    .ARM.Collect$$rtentry$$0000000C  c_w.l(__rtentry2.o)
    0x08000212   0x00000008   Code   RO          613    .ARM.Collect$$rtentry$$0000000D  c_w.l(__rtentry2.o)
    0x0800021a   0x00000002   Code   RO          691    .ARM.Collect$$rtexit$$00000000  c_w.l(rtexit.o)
    0x0800021c   0x00000000   Code   RO          744    .ARM.Collect$$rtexit$$00000002  c_w.l(rtexit2.o)
    0x0800021c   0x00000004   Code   RO          745    .ARM.Collect$$rtexit$$00000003  c_w.l(rtexit2.o)
    0x08000220   0x00000006   Code   RO          746    .ARM.Collect$$rtexit$$00000004  c_w.l(rtexit2.o)
    0x08000226   0x00000002   PAD
    0x08000228   0x0000003c   Code   RO           67    .text               startup_stm32f40_41xxx.o
    0x08000264   0x00000006   Code   RO          502    .text               c_w.l(heapauxi.o)
    0x0800026a   0x0000004a   Code   RO          636    .text               c_w.l(sys_stackheap_outer.o)
    0x080002b4   0x00000012   Code   RO          675    .text               c_w.l(exit.o)
    0x080002c6   0x00000002   PAD
    0x080002c8   0x00000008   Code   RO          688    .text               c_w.l(libspace.o)
    0x080002d0   0x0000000c   Code   RO          754    .text               c_w.l(sys_exit.o)
    0x080002dc   0x00000002   Code   RO          765    .text               c_w.l(use_no_semi.o)
    0x080002de   0x00000000   Code   RO          767    .text               c_w.l(indicate_semi.o)
    0x080002de   0x00000002   PAD
    0x080002e0   0x000000b4   Code   RO            4    i.SetSysClock       system_stm32f4xx.o
    0x08000394   0x0000005c   Code   RO            6    i.SystemInit        system_stm32f4xx.o
    0x080003f0   0x00000084   Code   RO          306    i.UART5_IRQHandler  loguart.o
    0x08000474   0x00000060   Code   RO          381    i.USART3_IRQHandler  mainuart.o
    0x080004d4   0x0000004c   Code   RO          252    i._Z8WaitDonej      interiorflash.o
    0x08000520   0x00000014   Code   RO           75    i._Z8vDelayUst      main.o
    0x08000534   0x00000070   Code   RO          436    i._ZN10OTAManager6updateEv  otamanager.o
    0x080005a4   0x000000a4   Code   RO          437    i._ZN10OTAManager8isUpdateEv  otamanager.o
    0x08000648   0x00000002   Code   RO          438    i._ZN10OTAManagerC1Ev  otamanager.o
    0x0800064a   0x00000002   PAD
    0x0800064c   0x0000004c   Code   RO          160    i._ZN11FlashMemory12vSectorEarseEj  flashmemory.o
    0x08000698   0x0000001c   Code   RO          161    i._ZN11FlashMemory12vWriteEnableEv  flashmemory.o
    0x080006b4   0x00000024   Code   RO          162    i._ZN11FlashMemory12xQueryStatusEv  flashmemory.o
    0x080006d8   0x00000020   Code   RO          163    i._ZN11FlashMemory14xTranslateByteEh  flashmemory.o
    0x080006f8   0x00000098   Code   RO          165    i._ZN11FlashMemory16initSpiInterfaceEv  flashmemory.o
    0x08000790   0x0000002c   Code   RO          475    i._ZN11FlashMemory8instanceEv  otamanager.o
    0x080007bc   0x00000050   Code   RO          167    i._ZN11FlashMemory9vReadDataEjPhj  flashmemory.o
    0x0800080c   0x0000000c   Code   RO          168    i._ZN11FlashMemoryC1Ev  flashmemory.o
    0x08000818   0x00000044   Code   RO          253    i._ZN13InteriorFlash11vWrite4ByteEjj  interiorflash.o
    0x0800085c   0x00000090   Code   RO          254    i._ZN13InteriorFlash12vSectorEarseEh  interiorflash.o
    0x080008ec   0x0000004c   Code   RO          255    i._ZN13InteriorFlash12vWriteBufferEjPKjj  interiorflash.o
    0x08000938   0x0000003c   Code   RO          256    i._ZN13InteriorFlash23vEarseApplicationSectorEj  interiorflash.o
    0x08000974   0x0000002c   Code   RO          469    i._ZN13InteriorFlash8instanceEv  otamanager.o
    0x080009a0   0x00000002   Code   RO          257    i._ZN13InteriorFlashC1Ev  interiorflash.o
    0x080009a2   0x00000002   PAD
    0x080009a4   0x0000002c   Code   RO          352    i._ZN7LogUart8instanceEv  loguart.o
    0x080009d0   0x00000120   Code   RO          310    i._ZN7LogUartC1Ev   loguart.o
    0x08000af0   0x0000001a   Code   RO          383    i._ZN8MainUart5writeEPKhj  mainuart.o
    0x08000b0a   0x00000002   PAD
    0x08000b0c   0x00000014   Code   RO          384    i._ZN8MainUart5writeEh  mainuart.o
    0x08000b20   0x00000098   Code   RO          385    i._ZN8MainUartC1Ev  mainuart.o
    0x08000bb8   0x00000010   Code   RO          506    i.__cxa_guard_acquire  cpprt_w.l(cxa_guard_acquire.o)
    0x08000bc8   0x00000064   Code   RO           76    i.main              main.o
    0x08000c2c   0x0000000a   Code   RO          752    x$fpl$fpinit        fz_wm.l(fpinit.o)
    0x08000c36   0x00000002   PAD
    0x08000c38   0x00000020   Data   RO          820    Region$$Table       anon$$obj.o


    Execution Region RW_IRAM1 (Base: 0x20000000, Size: 0x000040a8, Max: 0x00020000, ABSOLUTE)

    Base Addr    Size         Type   Attr      Idx    E Section Name        Object

    0x20000000   0x00000004   Data   RW          317    .data               loguart.o
    0x20000004   0x00000004   Data   RW          392    .data               mainuart.o
    0x20000008   0x00000008   Data   RW          107    .data__ZZN10OTAManager8instanceEvE1m  main.o
    0x20000010   0x00000004   Data   RW          481    .data__ZZN11FlashMemory8instanceEvE1m  otamanager.o
    0x20000014   0x00000005   Data   RW          483    .data__ZZN13InteriorFlash8instanceEvE1f  otamanager.o
    0x20000019   0x00000003   PAD
    0x2000001c   0x00000004   Data   RW          358    .data__ZZN7LogUart8instanceEvE4uart  loguart.o
    0x20000020   0x00000005   Data   RW          108    .data__ZZN8MainUart8instanceEvE4uart  main.o
    0x20000025   0x00000003   PAD
    0x20000028   0x000014a8   Zero   RW          316    .bss                loguart.o
    0x200014d0   0x00000368   Zero   RW          391    .bss                mainuart.o
    0x20001838   0x00001000   Zero   RW          442    .bss                otamanager.o
    0x20002838   0x00000060   Zero   RW          689    .bss                c_w.l(libspace.o)
    0x20002898   0x00001000   Zero   RW          482    .bss__ZZN11FlashMemory8instanceEvE1m  otamanager.o
    0x20003898   0x0000000c   Zero   RW          359    .bss__ZZN7LogUart8instanceEvE4uart  loguart.o
    0x200038a4   0x00000004   PAD
    0x200038a8   0x00000000   Zero   RW           65    HEAP                startup_stm32f40_41xxx.o
    0x200038a8   0x00000800   Zero   RW           64    STACK               startup_stm32f40_41xxx.o


==============================================================================

Image component sizes


      Code (inc. data)   RO Data    RW Data    ZI Data      Debug   Object Name

       416         46          0          0          0       6256   flashmemory.o
       426         42          0          0          0       4308   interiorflash.o
       464         64          0          8       5300      31054   loguart.o
       120         26          0         13          0     245966   main.o
       294         36          0          4        872       4144   mainuart.o
       366         44          0          9       8192       5929   otamanager.o
        60         22        392          0       2048        820   startup_stm32f40_41xxx.o
       272         36          0          0          0       6017   system_stm32f4xx.o

    ----------------------------------------------------------------------
      2424        316        424         40      16416     304494   Object Totals
         0          0         32          0          0          0   (incl. Generated)
         6          0          0          6          4          0   (incl. Padding)

    ----------------------------------------------------------------------

      Code (inc. data)   RO Data    RW Data    ZI Data      Debug   Library Member Name

         8          0          0          0          0         68   __main.o
         0          0          0          0          0          0   __rtentry.o
        12          0          0          0          0          0   __rtentry2.o
         6          0          0          0          0          0   __rtentry4.o
        52          8          0          0          0          0   __scatter.o
        26          0          0          0          0          0   __scatter_copy.o
        28          0          0          0          0          0   __scatter_zi.o
        18          0          0          0          0         80   exit.o
         6          0          0          0          0        152   heapauxi.o
         0          0          0          0          0          0   indicate_semi.o
         2          0          0          0          0          0   libinit.o
         6          0          0          0          0          0   libinit2.o
         2          0          0          0          0          0   libshutdown.o
         2          0          0          0          0          0   libshutdown2.o
         8          4          0          0         96         68   libspace.o
         2          0          0          0          0          0   rtexit.o
        10          0          0          0          0          0   rtexit2.o
        12          4          0          0          0         68   sys_exit.o
        74          0          0          0          0         80   sys_stackheap_outer.o
         2          0          0          0          0         68   use_no_semi.o
        16          0          0          0          0         68   cxa_guard_acquire.o
        10          0          0          0          0        116   fpinit.o

    ----------------------------------------------------------------------
       312         16          0          0         96        768   Library Totals
        10          0          0          0          0          0   (incl. Padding)

    ----------------------------------------------------------------------

      Code (inc. data)   RO Data    RW Data    ZI Data      Debug   Library Name

       276         16          0          0         96        584   c_w.l
        16          0          0          0          0         68   cpprt_w.l
        10          0          0          0          0        116   fz_wm.l

    ----------------------------------------------------------------------
       312         16          0          0         96        768   Library Totals

    ----------------------------------------------------------------------

==============================================================================


      Code (inc. data)   RO Data    RW Data    ZI Data      Debug   

      2736        332        424         40      16512     302654   Grand Totals
      2736        332        424         40      16512     302654   ELF Image Totals
      2736        332        424         40          0          0   ROM Totals

==============================================================================

    Total RO  Size (Code + RO Data)                 3160 (   3.09kB)
    Total RW  Size (RW Data + ZI Data)             16552 (  16.16kB)
    Total ROM Size (Code + RO Data + RW Data)       3200 (   3.13kB)

==============================================================================

